Archive member included to satisfy reference by file (symbol)

c:/st/gcc-arm-none-eabi-10.3-2021.10/bin/../lib/gcc/arm-none-eabi/10.3.1/thumb/v7e-m/nofp\libgcc.a(_aeabi_uldivmod.o)
                              CMakeFiles/6-timer.elf.dir/Drivers/STM32F4xx_HAL_Driver/Src/stm32f4xx_hal_rcc.c.obj (__aeabi_uldivmod)
c:/st/gcc-arm-none-eabi-10.3-2021.10/bin/../lib/gcc/arm-none-eabi/10.3.1/thumb/v7e-m/nofp\libgcc.a(_udivmoddi4.o)
                              c:/st/gcc-arm-none-eabi-10.3-2021.10/bin/../lib/gcc/arm-none-eabi/10.3.1/thumb/v7e-m/nofp\libgcc.a(_aeabi_uldivmod.o) (__udivmoddi4)
c:/st/gcc-arm-none-eabi-10.3-2021.10/bin/../lib/gcc/arm-none-eabi/10.3.1/thumb/v7e-m/nofp\libgcc.a(_dvmd_tls.o)
                              c:/st/gcc-arm-none-eabi-10.3-2021.10/bin/../lib/gcc/arm-none-eabi/10.3.1/thumb/v7e-m/nofp\libgcc.a(_aeabi_uldivmod.o) (__aeabi_ldiv0)
c:/st/gcc-arm-none-eabi-10.3-2021.10/bin/../lib/gcc/arm-none-eabi/10.3.1/../../../../arm-none-eabi/lib/thumb/v7e-m/nofp\libg.a(lib_a-errno.o)
                              CMakeFiles/6-timer.elf.dir/Core/Src/syscalls.c.obj (__errno)
c:/st/gcc-arm-none-eabi-10.3-2021.10/bin/../lib/gcc/arm-none-eabi/10.3.1/../../../../arm-none-eabi/lib/thumb/v7e-m/nofp\libg.a(lib_a-exit.o)
                              c:/st/gcc-arm-none-eabi-10.3-2021.10/bin/../lib/gcc/arm-none-eabi/10.3.1/../../../../arm-none-eabi/lib/thumb/v7e-m/nofp/crt0.o (exit)
c:/st/gcc-arm-none-eabi-10.3-2021.10/bin/../lib/gcc/arm-none-eabi/10.3.1/../../../../arm-none-eabi/lib/thumb/v7e-m/nofp\libg.a(lib_a-impure.o)
                              c:/st/gcc-arm-none-eabi-10.3-2021.10/bin/../lib/gcc/arm-none-eabi/10.3.1/../../../../arm-none-eabi/lib/thumb/v7e-m/nofp\libg.a(lib_a-exit.o) (_global_impure_ptr)
c:/st/gcc-arm-none-eabi-10.3-2021.10/bin/../lib/gcc/arm-none-eabi/10.3.1/../../../../arm-none-eabi/lib/thumb/v7e-m/nofp\libg.a(lib_a-init.o)
                              c:/st/gcc-arm-none-eabi-10.3-2021.10/bin/../lib/gcc/arm-none-eabi/10.3.1/../../../../arm-none-eabi/lib/thumb/v7e-m/nofp/crt0.o (__libc_init_array)
c:/st/gcc-arm-none-eabi-10.3-2021.10/bin/../lib/gcc/arm-none-eabi/10.3.1/../../../../arm-none-eabi/lib/thumb/v7e-m/nofp\libg.a(lib_a-memset.o)
                              c:/st/gcc-arm-none-eabi-10.3-2021.10/bin/../lib/gcc/arm-none-eabi/10.3.1/../../../../arm-none-eabi/lib/thumb/v7e-m/nofp/crt0.o (memset)
c:/st/gcc-arm-none-eabi-10.3-2021.10/bin/../lib/gcc/arm-none-eabi/10.3.1/../../../../arm-none-eabi/lib/thumb/v7e-m/nofp\libg.a(lib_a-printf.o)
                              CMakeFiles/6-timer.elf.dir/Core/Src/main.c.obj (printf)
c:/st/gcc-arm-none-eabi-10.3-2021.10/bin/../lib/gcc/arm-none-eabi/10.3.1/../../../../arm-none-eabi/lib/thumb/v7e-m/nofp\libg.a(lib_a-vfprintf.o)
                              c:/st/gcc-arm-none-eabi-10.3-2021.10/bin/../lib/gcc/arm-none-eabi/10.3.1/../../../../arm-none-eabi/lib/thumb/v7e-m/nofp\libg.a(lib_a-printf.o) (_vfprintf_r)
c:/st/gcc-arm-none-eabi-10.3-2021.10/bin/../lib/gcc/arm-none-eabi/10.3.1/../../../../arm-none-eabi/lib/thumb/v7e-m/nofp\libg.a(lib_a-wsetup.o)
                              c:/st/gcc-arm-none-eabi-10.3-2021.10/bin/../lib/gcc/arm-none-eabi/10.3.1/../../../../arm-none-eabi/lib/thumb/v7e-m/nofp\libg.a(lib_a-vfprintf.o) (__swsetup_r)
c:/st/gcc-arm-none-eabi-10.3-2021.10/bin/../lib/gcc/arm-none-eabi/10.3.1/../../../../arm-none-eabi/lib/thumb/v7e-m/nofp\libg.a(lib_a-__call_atexit.o)
                              c:/st/gcc-arm-none-eabi-10.3-2021.10/bin/../lib/gcc/arm-none-eabi/10.3.1/../../../../arm-none-eabi/lib/thumb/v7e-m/nofp\libg.a(lib_a-exit.o) (__call_exitprocs)
c:/st/gcc-arm-none-eabi-10.3-2021.10/bin/../lib/gcc/arm-none-eabi/10.3.1/../../../../arm-none-eabi/lib/thumb/v7e-m/nofp\libg.a(lib_a-atexit.o)
                              c:/st/gcc-arm-none-eabi-10.3-2021.10/bin/../lib/gcc/arm-none-eabi/10.3.1/../../../../arm-none-eabi/lib/thumb/v7e-m/nofp\libg.a(lib_a-__call_atexit.o) (atexit)
c:/st/gcc-arm-none-eabi-10.3-2021.10/bin/../lib/gcc/arm-none-eabi/10.3.1/../../../../arm-none-eabi/lib/thumb/v7e-m/nofp\libg.a(lib_a-dtoa.o)
                              c:/st/gcc-arm-none-eabi-10.3-2021.10/bin/../lib/gcc/arm-none-eabi/10.3.1/../../../../arm-none-eabi/lib/thumb/v7e-m/nofp\libg.a(lib_a-vfprintf.o) (_dtoa_r)
c:/st/gcc-arm-none-eabi-10.3-2021.10/bin/../lib/gcc/arm-none-eabi/10.3.1/../../../../arm-none-eabi/lib/thumb/v7e-m/nofp\libg.a(lib_a-fflush.o)
                              c:/st/gcc-arm-none-eabi-10.3-2021.10/bin/../lib/gcc/arm-none-eabi/10.3.1/../../../../arm-none-eabi/lib/thumb/v7e-m/nofp\libg.a(lib_a-vfprintf.o) (_fflush_r)
c:/st/gcc-arm-none-eabi-10.3-2021.10/bin/../lib/gcc/arm-none-eabi/10.3.1/../../../../arm-none-eabi/lib/thumb/v7e-m/nofp\libg.a(lib_a-findfp.o)
                              c:/st/gcc-arm-none-eabi-10.3-2021.10/bin/../lib/gcc/arm-none-eabi/10.3.1/../../../../arm-none-eabi/lib/thumb/v7e-m/nofp\libg.a(lib_a-vfprintf.o) (__sinit)
[...]
Memory Configuration

Name             Origin             Length             Attributes
CCMRAM           0x10000000         0x00010000         xrw
RAM              0x20000000         0x00020000         xrw
FLASH            0x08000000         0x00100000         xr
*default*        0x00000000         0xffffffff

Linker script and memory map

LOAD c:/st/gcc-arm-none-eabi-10.3-2021.10/bin/../lib/gcc/arm-none-eabi/10.3.1/thumb/v7e-m/nofp/crti.o
LOAD c:/st/gcc-arm-none-eabi-10.3-2021.10/bin/../lib/gcc/arm-none-eabi/10.3.1/thumb/v7e-m/nofp/crtbegin.o
LOAD c:/st/gcc-arm-none-eabi-10.3-2021.10/bin/../lib/gcc/arm-none-eabi/10.3.1/../../../../arm-none-eabi/lib/thumb/v7e-m/nofp/crt0.o
LOAD CMakeFiles/6-timer.elf.dir/Core/Src/gpio.c.obj
LOAD CMakeFiles/6-timer.elf.dir/Core/Src/main.c.obj
LOAD CMakeFiles/6-timer.elf.dir/Core/Src/stm32f4xx_hal_msp.c.obj
LOAD CMakeFiles/6-timer.elf.dir/Core/Src/stm32f4xx_it.c.obj
LOAD CMakeFiles/6-timer.elf.dir/Core/Src/syscalls.c.obj
LOAD CMakeFiles/6-timer.elf.dir/Core/Src/sysmem.c.obj
LOAD CMakeFiles/6-timer.elf.dir/Core/Src/system_stm32f4xx.c.obj
LOAD CMakeFiles/6-timer.elf.dir/Core/Src/tim.c.obj
LOAD CMakeFiles/6-timer.elf.dir/Core/Src/usart.c.obj
LOAD CMakeFiles/6-timer.elf.dir/Core/Startup/startup_stm32f407zgtx.s.obj
LOAD CMakeFiles/6-timer.elf.dir/Drivers/STM32F4xx_HAL_Driver/Src/stm32f4xx_hal.c.obj
LOAD CMakeFiles/6-timer.elf.dir/Drivers/STM32F4xx_HAL_Driver/Src/stm32f4xx_hal_cortex.c.obj
LOAD CMakeFiles/6-timer.elf.dir/Drivers/STM32F4xx_HAL_Driver/Src/stm32f4xx_hal_dma.c.obj
LOAD CMakeFiles/6-timer.elf.dir/Drivers/STM32F4xx_HAL_Driver/Src/stm32f4xx_hal_dma_ex.c.obj
LOAD CMakeFiles/6-timer.elf.dir/Drivers/STM32F4xx_HAL_Driver/Src/stm32f4xx_hal_exti.c.obj
LOAD CMakeFiles/6-timer.elf.dir/Drivers/STM32F4xx_HAL_Driver/Src/stm32f4xx_hal_flash.c.obj
LOAD CMakeFiles/6-timer.elf.dir/Drivers/STM32F4xx_HAL_Driver/Src/stm32f4xx_hal_flash_ex.c.obj
LOAD CMakeFiles/6-timer.elf.dir/Drivers/STM32F4xx_HAL_Driver/Src/stm32f4xx_hal_flash_ramfunc.c.obj
LOAD CMakeFiles/6-timer.elf.dir/Drivers/STM32F4xx_HAL_Driver/Src/stm32f4xx_hal_gpio.c.obj
LOAD CMakeFiles/6-timer.elf.dir/Drivers/STM32F4xx_HAL_Driver/Src/stm32f4xx_hal_pwr.c.obj
LOAD CMakeFiles/6-timer.elf.dir/Drivers/STM32F4xx_HAL_Driver/Src/stm32f4xx_hal_pwr_ex.c.obj
LOAD CMakeFiles/6-timer.elf.dir/Drivers/STM32F4xx_HAL_Driver/Src/stm32f4xx_hal_rcc.c.obj
LOAD CMakeFiles/6-timer.elf.dir/Drivers/STM32F4xx_HAL_Driver/Src/stm32f4xx_hal_rcc_ex.c.obj
LOAD CMakeFiles/6-timer.elf.dir/Drivers/STM32F4xx_HAL_Driver/Src/stm32f4xx_hal_tim.c.obj
LOAD CMakeFiles/6-timer.elf.dir/Drivers/STM32F4xx_HAL_Driver/Src/stm32f4xx_hal_tim_ex.c.obj
LOAD CMakeFiles/6-timer.elf.dir/Drivers/STM32F4xx_HAL_Driver/Src/stm32f4xx_hal_uart.c.obj
START GROUP
LOAD c:/st/gcc-arm-none-eabi-10.3-2021.10/bin/../lib/gcc/arm-none-eabi/10.3.1/thumb/v7e-m/nofp\libgcc.a
LOAD c:/st/gcc-arm-none-eabi-10.3-2021.10/bin/../lib/gcc/arm-none-eabi/10.3.1/../../../../arm-none-eabi/lib/thumb/v7e-m/nofp\libg.a
LOAD c:/st/gcc-arm-none-eabi-10.3-2021.10/bin/../lib/gcc/arm-none-eabi/10.3.1/../../../../arm-none-eabi/lib/thumb/v7e-m/nofp\libc.a
END GROUP
LOAD c:/st/gcc-arm-none-eabi-10.3-2021.10/bin/../lib/gcc/arm-none-eabi/10.3.1/thumb/v7e-m/nofp/crtend.o
LOAD c:/st/gcc-arm-none-eabi-10.3-2021.10/bin/../lib/gcc/arm-none-eabi/10.3.1/thumb/v7e-m/nofp/crtn.o
                0x20020000                _estack = (ORIGIN (RAM) + LENGTH (RAM))
                0x00000200                _Min_Heap_Size = 0x200
                0x00000400                _Min_Stack_Size = 0x400

.isr_vector     0x08000000      0x188
                0x08000000                . = ALIGN (0x4)
 *(.isr_vector)
 .isr_vector    0x08000000      0x188 CMakeFiles/6-timer.elf.dir/Core/Startup/startup_stm32f407zgtx.s.obj
                0x08000000                g_pfnVectors
                0x08000188                . = ALIGN (0x4)

.text           0x080001c0     0x8e10
                0x080001c0                . = ALIGN (0x4)
 *(.text)
 .text          0x080001c0       0x40 c:/st/gcc-arm-none-eabi-10.3-2021.10/bin/../lib/gcc/arm-none-eabi/10.3.1/thumb/v7e-m/nofp/crtbegin.o
 .text          0x08000200       0x30 c:/st/gcc-arm-none-eabi-10.3-2021.10/bin/../lib/gcc/arm-none-eabi/10.3.1/thumb/v7e-m/nofp\libgcc.a(_aeabi_uldivmod.o)
                0x08000200                __aeabi_uldivmod
 .text          0x08000230      0x2d0 c:/st/gcc-arm-none-eabi-10.3-2021.10/bin/../lib/gcc/arm-none-eabi/10.3.1/thumb/v7e-m/nofp\libgcc.a(_udivmoddi4.o)
                0x08000230                __udivmoddi4
 .text          0x08000500        0x4 c:/st/gcc-arm-none-eabi-10.3-2021.10/bin/../lib/gcc/arm-none-eabi/10.3.1/thumb/v7e-m/nofp\libgcc.a(_dvmd_tls.o)
                0x08000500                __aeabi_idiv0
                0x08000500                __aeabi_ldiv0
 *fill*         0x08000504        0xc 
 .text          0x08000510       0xa0 c:/st/gcc-arm-none-eabi-10.3-2021.10/bin/../lib/gcc/arm-none-eabi/10.3.1/../../../../arm-none-eabi/lib/thumb/v7e-m/nofp\libg.a(lib_a-memchr.o)
                0x08000510                memchr
 .text          0x080005b0      0x134 c:/st/gcc-arm-none-eabi-10.3-2021.10/bin/../lib/gcc/arm-none-eabi/10.3.1/../../../../arm-none-eabi/lib/thumb/v7e-m/nofp\libg.a(lib_a-memcpy.o)
                0x080005b0                memcpy
 *fill*         0x080006e4       0x1c 
 .text          0x08000700       0xdc c:/st/gcc-arm-none-eabi-10.3-2021.10/bin/../lib/gcc/arm-none-eabi/10.3.1/../../../../arm-none-eabi/lib/thumb/v7e-m/nofp\libg.a(lib_a-strlen.o)
                0x08000700                strlen
 .text          0x080007dc      0x378 c:/st/gcc-arm-none-eabi-10.3-2021.10/bin/../lib/gcc/arm-none-eabi/10.3.1/thumb/v7e-m/nofp\libgcc.a(_arm_addsubdf3.o)
                0x080007dc                __aeabi_drsub
                0x080007e4                __aeabi_dsub
                0x080007e4                __subdf3
                0x080007e8                __aeabi_dadd
                0x080007e8                __adddf3
                0x08000a60                __floatunsidf
                0x08000a60                __aeabi_ui2d
                0x08000a80                __floatsidf
                0x08000a80                __aeabi_i2d
                0x08000aa4                __aeabi_f2d
                0x08000aa4                __extendsfdf2
                0x08000ae8                __floatundidf
                0x08000ae8                __aeabi_ul2d
                0x08000af8                __floatdidf
                0x08000af8                __aeabi_l2d
 .text          0x08000b54      0x424 c:/st/gcc-arm-none-eabi-10.3-2021.10/bin/../lib/gcc/arm-none-eabi/10.3.1/thumb/v7e-m/nofp\libgcc.a(_arm_muldivdf3.o)
                0x08000b54                __aeabi_dmul
                0x08000b54                __muldf3
                0x08000da8                __divdf3
                0x08000da8                __aeabi_ddiv
 .text          0x08000f78      0x110 c:/st/gcc-arm-none-eabi-10.3-2021.10/bin/../lib/gcc/arm-none-eabi/10.3.1/thumb/v7e-m/nofp\libgcc.a(_arm_cmpdf2.o)
                0x08000f78                __gtdf2
                0x08000f78                __gedf2
                0x08000f80                __ltdf2
                0x08000f80                __ledf2
                0x08000f88                __nedf2
                0x08000f88                __eqdf2
                0x08000f88                __cmpdf2
                0x08001004                __aeabi_cdrcmple
                0x08001014                __aeabi_cdcmpeq
                0x08001014                __aeabi_cdcmple
                0x08001024                __aeabi_dcmpeq
                0x08001038                __aeabi_dcmplt
                0x0800104c                __aeabi_dcmple
                0x08001060                __aeabi_dcmpge
                0x08001074                __aeabi_dcmpgt
 .text          0x08001088       0x2c c:/st/gcc-arm-none-eabi-10.3-2021.10/bin/../lib/gcc/arm-none-eabi/10.3.1/thumb/v7e-m/nofp\libgcc.a(_arm_unorddf2.o)
                0x08001088                __unorddf2
                0x08001088                __aeabi_dcmpun
 .text          0x080010b4       0x50 c:/st/gcc-arm-none-eabi-10.3-2021.10/bin/../lib/gcc/arm-none-eabi/10.3.1/thumb/v7e-m/nofp\libgcc.a(_arm_fixdfsi.o)
                0x080010b4                __aeabi_d2iz
                0x080010b4                __fixdfsi
 *(.text*)
 .text.MX_GPIO_Init
                0x08001104       0x7c CMakeFiles/6-timer.elf.dir/Core/Src/gpio.c.obj
                0x08001104                MX_GPIO_Init
 .text.__io_putchar
                0x08001180       0x20 CMakeFiles/6-timer.elf.dir/Core/Src/main.c.obj
                0x08001180                __io_putchar
 .text.HAL_TIM_PeriodElapsedCallback
                0x080011a0       0x30 CMakeFiles/6-timer.elf.dir/Core/Src/main.c.obj
                0x080011a0                HAL_TIM_PeriodElapsedCallback
 .text.HAL_TIM_IC_CaptureCallback
                0x080011d0       0x1c CMakeFiles/6-timer.elf.dir/Core/Src/main.c.obj
                0x080011d0                HAL_TIM_IC_CaptureCallback
 .text.Error_Handler
                0x080011ec        0x4 CMakeFiles/6-timer.elf.dir/Core/Src/main.c.obj
                0x080011ec                Error_Handler
 .text.SystemClock_Config
                0x080011f0       0xac CMakeFiles/6-timer.elf.dir/Core/Src/main.c.obj
                0x080011f0                SystemClock_Config
 .text.main     0x0800129c       0x48 CMakeFiles/6-timer.elf.dir/Core/Src/main.c.obj
                0x0800129c                main
 .text.HAL_MspInit
                0x080012e4       0x38 CMakeFiles/6-timer.elf.dir/Core/Src/stm32f4xx_hal_msp.c.obj
                0x080012e4                HAL_MspInit
 .text.NMI_Handler
                0x0800131c        0x2 CMakeFiles/6-timer.elf.dir/Core/Src/stm32f4xx_it.c.obj
                0x0800131c                NMI_Handler
 .text.HardFault_Handler
                0x0800131e        0x2 CMakeFiles/6-timer.elf.dir/Core/Src/stm32f4xx_it.c.obj
                0x0800131e                HardFault_Handler
 .text.MemManage_Handler
                0x08001320        0x2 CMakeFiles/6-timer.elf.dir/Core/Src/stm32f4xx_it.c.obj
                0x08001320                MemManage_Handler
 .text.BusFault_Handler
                0x08001322        0x2 CMakeFiles/6-timer.elf.dir/Core/Src/stm32f4xx_it.c.obj
                0x08001322                BusFault_Handler
 .text.UsageFault_Handler
                0x08001324        0x2 CMakeFiles/6-timer.elf.dir/Core/Src/stm32f4xx_it.c.obj
                0x08001324                UsageFault_Handler
 .text.SVC_Handler
                0x08001326        0x2 CMakeFiles/6-timer.elf.dir/Core/Src/stm32f4xx_it.c.obj
                0x08001326                SVC_Handler
 .text.DebugMon_Handler
                0x08001328        0x2 CMakeFiles/6-timer.elf.dir/Core/Src/stm32f4xx_it.c.obj
                0x08001328                DebugMon_Handler
 .text.PendSV_Handler
                0x0800132a        0x2 CMakeFiles/6-timer.elf.dir/Core/Src/stm32f4xx_it.c.obj
                0x0800132a                PendSV_Handler
 .text.SysTick_Handler
                0x0800132c        0x8 CMakeFiles/6-timer.elf.dir/Core/Src/stm32f4xx_it.c.obj
                0x0800132c                SysTick_Handler
 .text.TIM2_IRQHandler
                0x08001334       0x10 CMakeFiles/6-timer.elf.dir/Core/Src/stm32f4xx_it.c.obj
                0x08001334                TIM2_IRQHandler
 .text._getpid  0x08001344        0x4 CMakeFiles/6-timer.elf.dir/Core/Src/syscalls.c.obj
                0x08001344                _getpid
 .text._kill    0x08001348       0x10 CMakeFiles/6-timer.elf.dir/Core/Src/syscalls.c.obj
                0x08001348                _kill
 .text._exit    0x08001358        0xc CMakeFiles/6-timer.elf.dir/Core/Src/syscalls.c.obj
                0x08001358                _exit
 .text._read    0x08001364       0x20 CMakeFiles/6-timer.elf.dir/Core/Src/syscalls.c.obj
                0x08001364                _read
 .text._write   0x08001384       0x1c CMakeFiles/6-timer.elf.dir/Core/Src/syscalls.c.obj
                0x08001384                _write
 .text._close   0x080013a0        0x6 CMakeFiles/6-timer.elf.dir/Core/Src/syscalls.c.obj
                0x080013a0                _close
 .text._fstat   0x080013a6        0xa CMakeFiles/6-timer.elf.dir/Core/Src/syscalls.c.obj
                0x080013a6                _fstat
 .text._isatty  0x080013b0        0x4 CMakeFiles/6-timer.elf.dir/Core/Src/syscalls.c.obj
                0x080013b0                _isatty
 .text._lseek   0x080013b4        0x4 CMakeFiles/6-timer.elf.dir/Core/Src/syscalls.c.obj
                0x080013b4                _lseek
 .text._sbrk    0x080013b8       0x48 CMakeFiles/6-timer.elf.dir/Core/Src/sysmem.c.obj
                0x080013b8                _sbrk
 .text.SystemInit
                0x08001400        0x2 CMakeFiles/6-timer.elf.dir/Core/Src/system_stm32f4xx.c.obj
                0x08001400                SystemInit
 *fill*         0x08001402        0x2 
 .text.MX_TIM2_Init
                0x08001404       0xa0 CMakeFiles/6-timer.elf.dir/Core/Src/tim.c.obj
                0x08001404                MX_TIM2_Init
 .text.HAL_TIM_Base_MspInit
                0x080014a4       0x9c CMakeFiles/6-timer.elf.dir/Core/Src/tim.c.obj
                0x080014a4                HAL_TIM_Base_MspInit
 .text.HAL_TIM_MspPostInit
                0x08001540       0x58 CMakeFiles/6-timer.elf.dir/Core/Src/tim.c.obj
                0x08001540                HAL_TIM_MspPostInit
 .text.MX_TIM3_Init
                0x08001598       0xac CMakeFiles/6-timer.elf.dir/Core/Src/tim.c.obj
                0x08001598                MX_TIM3_Init
 .text.MX_USART1_UART_Init
                0x08001644       0x34 CMakeFiles/6-timer.elf.dir/Core/Src/usart.c.obj
                0x08001644                MX_USART1_UART_Init
 .text.HAL_UART_MspInit
                0x08001678       0x74 CMakeFiles/6-timer.elf.dir/Core/Src/usart.c.obj
                0x08001678                HAL_UART_MspInit
 .text.Reset_Handler
                0x080016ec       0x50 CMakeFiles/6-timer.elf.dir/Core/Startup/startup_stm32f407zgtx.s.obj
                0x080016ec                Reset_Handler
 .text.Default_Handler
                0x0800173c        0x2 CMakeFiles/6-timer.elf.dir/Core/Startup/startup_stm32f407zgtx.s.obj
                0x0800173c                RTC_Alarm_IRQHandler
                0x0800173c                HASH_RNG_IRQHandler
                0x0800173c                EXTI2_IRQHandler
                0x0800173c                TIM8_CC_IRQHandler
                0x0800173c                TIM1_CC_IRQHandler
                0x0800173c                DMA2_Stream5_IRQHandler
                0x0800173c                DMA1_Stream5_IRQHandler
                0x0800173c                PVD_IRQHandler
                0x0800173c                SDIO_IRQHandler
                0x0800173c                TAMP_STAMP_IRQHandler
                0x0800173c                CAN2_RX1_IRQHandler
                0x0800173c                EXTI3_IRQHandler
                0x0800173c                TIM8_TRG_COM_TIM14_IRQHandler
                0x0800173c                TIM1_UP_TIM10_IRQHandler
                0x0800173c                TIM8_UP_TIM13_IRQHandler
                0x0800173c                I2C3_ER_IRQHandler
                0x0800173c                EXTI0_IRQHandler
                0x0800173c                I2C2_EV_IRQHandler
                0x0800173c                DMA1_Stream2_IRQHandler
                0x0800173c                CAN1_RX0_IRQHandler
                0x0800173c                FPU_IRQHandler
                0x0800173c                OTG_HS_WKUP_IRQHandler
                0x0800173c                CAN2_SCE_IRQHandler
                0x0800173c                DMA2_Stream2_IRQHandler
                0x0800173c                SPI1_IRQHandler
                0x0800173c                TIM6_DAC_IRQHandler
                0x0800173c                TIM1_BRK_TIM9_IRQHandler
                0x0800173c                DCMI_IRQHandler
                0x0800173c                CAN2_RX0_IRQHandler
                0x0800173c                DMA2_Stream3_IRQHandler
                0x0800173c                USART6_IRQHandler
                0x0800173c                USART3_IRQHandler
                0x0800173c                CAN1_RX1_IRQHandler
                0x0800173c                UART5_IRQHandler
                0x0800173c                DMA2_Stream0_IRQHandler
                0x0800173c                TIM4_IRQHandler
                0x0800173c                I2C1_EV_IRQHandler
                0x0800173c                DMA1_Stream6_IRQHandler
                0x0800173c                DMA1_Stream1_IRQHandler
                0x0800173c                UART4_IRQHandler
                0x0800173c                TIM3_IRQHandler
                0x0800173c                RCC_IRQHandler
                0x0800173c                TIM8_BRK_TIM12_IRQHandler
                0x0800173c                Default_Handler
                0x0800173c                EXTI15_10_IRQHandler
                0x0800173c                ADC_IRQHandler
                0x0800173c                DMA1_Stream7_IRQHandler
                0x0800173c                TIM7_IRQHandler
                0x0800173c                CAN2_TX_IRQHandler
                0x0800173c                TIM5_IRQHandler
                0x0800173c                DMA2_Stream7_IRQHandler
                0x0800173c                I2C3_EV_IRQHandler
                0x0800173c                EXTI9_5_IRQHandler
                0x0800173c                RTC_WKUP_IRQHandler
                0x0800173c                ETH_WKUP_IRQHandler
                0x0800173c                SPI2_IRQHandler
                0x0800173c                OTG_HS_EP1_IN_IRQHandler
                0x0800173c                DMA1_Stream0_IRQHandler
                0x0800173c                CAN1_TX_IRQHandler
                0x0800173c                EXTI4_IRQHandler
                0x0800173c                FSMC_IRQHandler
                0x0800173c                ETH_IRQHandler
                0x0800173c                OTG_HS_EP1_OUT_IRQHandler
                0x0800173c                WWDG_IRQHandler
                0x0800173c                OTG_FS_WKUP_IRQHandler
                0x0800173c                TIM1_TRG_COM_TIM11_IRQHandler
                0x0800173c                OTG_HS_IRQHandler
                0x0800173c                EXTI1_IRQHandler
                0x0800173c                USART2_IRQHandler
                0x0800173c                I2C2_ER_IRQHandler
                0x0800173c                DMA2_Stream1_IRQHandler
                0x0800173c                CAN1_SCE_IRQHandler
                0x0800173c                FLASH_IRQHandler
                0x0800173c                DMA2_Stream4_IRQHandler
                0x0800173c                USART1_IRQHandler
                0x0800173c                OTG_FS_IRQHandler
                0x0800173c                SPI3_IRQHandler
                0x0800173c                DMA1_Stream4_IRQHandler
                0x0800173c                I2C1_ER_IRQHandler
                0x0800173c                DMA2_Stream6_IRQHandler
                0x0800173c                DMA1_Stream3_IRQHandler
 *fill*         0x0800173e        0x2 
 .text.HAL_InitTick
                0x08001740       0x4c CMakeFiles/6-timer.elf.dir/Drivers/STM32F4xx_HAL_Driver/Src/stm32f4xx_hal.c.obj
                0x08001740                HAL_InitTick
 .text.HAL_Init
                0x0800178c       0x34 CMakeFiles/6-timer.elf.dir/Drivers/STM32F4xx_HAL_Driver/Src/stm32f4xx_hal.c.obj
                0x0800178c                HAL_Init
 .text.HAL_IncTick
                0x080017c0       0x18 CMakeFiles/6-timer.elf.dir/Drivers/STM32F4xx_HAL_Driver/Src/stm32f4xx_hal.c.obj
                0x080017c0                HAL_IncTick
 .text.HAL_GetTick
                0x080017d8        0xc CMakeFiles/6-timer.elf.dir/Drivers/STM32F4xx_HAL_Driver/Src/stm32f4xx_hal.c.obj
                0x080017d8                HAL_GetTick
 .text.HAL_NVIC_SetPriorityGrouping
                0x080017e4       0x24 CMakeFiles/6-timer.elf.dir/Drivers/STM32F4xx_HAL_Driver/Src/stm32f4xx_hal_cortex.c.obj
                0x080017e4                HAL_NVIC_SetPriorityGrouping
 .text.HAL_NVIC_SetPriority
                0x08001808       0x70 CMakeFiles/6-timer.elf.dir/Drivers/STM32F4xx_HAL_Driver/Src/stm32f4xx_hal_cortex.c.obj
                0x08001808                HAL_NVIC_SetPriority
 .text.HAL_NVIC_EnableIRQ
                0x08001878       0x1c CMakeFiles/6-timer.elf.dir/Drivers/STM32F4xx_HAL_Driver/Src/stm32f4xx_hal_cortex.c.obj
                0x08001878                HAL_NVIC_EnableIRQ
 .text.HAL_SYSTICK_Config
                0x08001894       0x28 CMakeFiles/6-timer.elf.dir/Drivers/STM32F4xx_HAL_Driver/Src/stm32f4xx_hal_cortex.c.obj
                0x08001894                HAL_SYSTICK_Config
 .text.HAL_GPIO_Init
                0x080018bc      0x1e4 CMakeFiles/6-timer.elf.dir/Drivers/STM32F4xx_HAL_Driver/Src/stm32f4xx_hal_gpio.c.obj
                0x080018bc                HAL_GPIO_Init
 .text.HAL_GPIO_WritePin
                0x08001aa0        0xc CMakeFiles/6-timer.elf.dir/Drivers/STM32F4xx_HAL_Driver/Src/stm32f4xx_hal_gpio.c.obj
                0x08001aa0                HAL_GPIO_WritePin
 .text.HAL_GPIO_TogglePin
                0x08001aac       0x12 CMakeFiles/6-timer.elf.dir/Drivers/STM32F4xx_HAL_Driver/Src/stm32f4xx_hal_gpio.c.obj
                0x08001aac                HAL_GPIO_TogglePin
 *fill*         0x08001abe        0x2 
 .text.HAL_RCC_OscConfig
                0x08001ac0      0x3f8 CMakeFiles/6-timer.elf.dir/Drivers/STM32F4xx_HAL_Driver/Src/stm32f4xx_hal_rcc.c.obj
                0x08001ac0                HAL_RCC_OscConfig
 .text.HAL_RCC_GetSysClockFreq
                0x08001eb8       0xd4 CMakeFiles/6-timer.elf.dir/Drivers/STM32F4xx_HAL_Driver/Src/stm32f4xx_hal_rcc.c.obj
                0x08001eb8                HAL_RCC_GetSysClockFreq
 .text.HAL_RCC_ClockConfig
                0x08001f8c      0x160 CMakeFiles/6-timer.elf.dir/Drivers/STM32F4xx_HAL_Driver/Src/stm32f4xx_hal_rcc.c.obj
                0x08001f8c                HAL_RCC_ClockConfig
 .text.HAL_RCC_GetHCLKFreq
                0x080020ec        0xc CMakeFiles/6-timer.elf.dir/Drivers/STM32F4xx_HAL_Driver/Src/stm32f4xx_hal_rcc.c.obj
                0x080020ec                HAL_RCC_GetHCLKFreq
 .text.HAL_RCC_GetPCLK1Freq
                0x080020f8       0x20 CMakeFiles/6-timer.elf.dir/Drivers/STM32F4xx_HAL_Driver/Src/stm32f4xx_hal_rcc.c.obj
                0x080020f8                HAL_RCC_GetPCLK1Freq
 .text.HAL_RCC_GetPCLK2Freq
                0x08002118       0x20 CMakeFiles/6-timer.elf.dir/Drivers/STM32F4xx_HAL_Driver/Src/stm32f4xx_hal_rcc.c.obj
                0x08002118                HAL_RCC_GetPCLK2Freq
 .text.TIM_OC1_SetConfig
                0x08002138       0x68 CMakeFiles/6-timer.elf.dir/Drivers/STM32F4xx_HAL_Driver/Src/stm32f4xx_hal_tim.c.obj
 .text.TIM_OC3_SetConfig
                0x080021a0       0x70 CMakeFiles/6-timer.elf.dir/Drivers/STM32F4xx_HAL_Driver/Src/stm32f4xx_hal_tim.c.obj
 .text.TIM_OC4_SetConfig
                0x08002210       0x50 CMakeFiles/6-timer.elf.dir/Drivers/STM32F4xx_HAL_Driver/Src/stm32f4xx_hal_tim.c.obj
 .text.TIM_TI1_ConfigInputStage
                0x08002260       0x24 CMakeFiles/6-timer.elf.dir/Drivers/STM32F4xx_HAL_Driver/Src/stm32f4xx_hal_tim.c.obj
 .text.TIM_TI2_SetConfig
                0x08002284       0x36 CMakeFiles/6-timer.elf.dir/Drivers/STM32F4xx_HAL_Driver/Src/stm32f4xx_hal_tim.c.obj
 .text.TIM_TI2_ConfigInputStage
                0x080022ba       0x26 CMakeFiles/6-timer.elf.dir/Drivers/STM32F4xx_HAL_Driver/Src/stm32f4xx_hal_tim.c.obj
 .text.TIM_TI3_SetConfig
                0x080022e0       0x36 CMakeFiles/6-timer.elf.dir/Drivers/STM32F4xx_HAL_Driver/Src/stm32f4xx_hal_tim.c.obj
 .text.TIM_TI4_SetConfig
                0x08002316       0x36 CMakeFiles/6-timer.elf.dir/Drivers/STM32F4xx_HAL_Driver/Src/stm32f4xx_hal_tim.c.obj
 .text.TIM_ITRx_SetConfig
                0x0800234c       0x10 CMakeFiles/6-timer.elf.dir/Drivers/STM32F4xx_HAL_Driver/Src/stm32f4xx_hal_tim.c.obj
 .text.HAL_TIM_Base_Start_IT
                0x0800235c       0x88 CMakeFiles/6-timer.elf.dir/Drivers/STM32F4xx_HAL_Driver/Src/stm32f4xx_hal_tim.c.obj
                0x0800235c                HAL_TIM_Base_Start_IT
 .text.HAL_TIM_PWM_MspInit
                0x080023e4        0x2 CMakeFiles/6-timer.elf.dir/Drivers/STM32F4xx_HAL_Driver/Src/stm32f4xx_hal_tim.c.obj
                0x080023e4                HAL_TIM_PWM_MspInit
 .text.HAL_TIM_IC_MspInit
                0x080023e6        0x2 CMakeFiles/6-timer.elf.dir/Drivers/STM32F4xx_HAL_Driver/Src/stm32f4xx_hal_tim.c.obj
                0x080023e6                HAL_TIM_IC_MspInit
 .text.HAL_TIM_OC_DelayElapsedCallback
                0x080023e8        0x2 CMakeFiles/6-timer.elf.dir/Drivers/STM32F4xx_HAL_Driver/Src/stm32f4xx_hal_tim.c.obj
                0x080023e8                HAL_TIM_OC_DelayElapsedCallback
 .text.HAL_TIM_PWM_PulseFinishedCallback
                0x080023ea        0x2 CMakeFiles/6-timer.elf.dir/Drivers/STM32F4xx_HAL_Driver/Src/stm32f4xx_hal_tim.c.obj
                0x080023ea                HAL_TIM_PWM_PulseFinishedCallback
 .text.HAL_TIM_TriggerCallback
                0x080023ec        0x2 CMakeFiles/6-timer.elf.dir/Drivers/STM32F4xx_HAL_Driver/Src/stm32f4xx_hal_tim.c.obj
                0x080023ec                HAL_TIM_TriggerCallback
 .text.HAL_TIM_IRQHandler
                0x080023ee      0x17a CMakeFiles/6-timer.elf.dir/Drivers/STM32F4xx_HAL_Driver/Src/stm32f4xx_hal_tim.c.obj
                0x080023ee                HAL_TIM_IRQHandler
 .text.TIM_Base_SetConfig
                0x08002568       0xc8 CMakeFiles/6-timer.elf.dir/Drivers/STM32F4xx_HAL_Driver/Src/stm32f4xx_hal_tim.c.obj
                0x08002568                TIM_Base_SetConfig
 .text.HAL_TIM_Base_Init
                0x08002630       0x58 CMakeFiles/6-timer.elf.dir/Drivers/STM32F4xx_HAL_Driver/Src/stm32f4xx_hal_tim.c.obj
                0x08002630                HAL_TIM_Base_Init
 .text.HAL_TIM_PWM_Init
                0x08002688       0x58 CMakeFiles/6-timer.elf.dir/Drivers/STM32F4xx_HAL_Driver/Src/stm32f4xx_hal_tim.c.obj
                0x08002688                HAL_TIM_PWM_Init
 .text.HAL_TIM_IC_Init
                0x080026e0       0x58 CMakeFiles/6-timer.elf.dir/Drivers/STM32F4xx_HAL_Driver/Src/stm32f4xx_hal_tim.c.obj
                0x080026e0                HAL_TIM_IC_Init
 .text.TIM_OC2_SetConfig
                0x08002738       0x70 CMakeFiles/6-timer.elf.dir/Drivers/STM32F4xx_HAL_Driver/Src/stm32f4xx_hal_tim.c.obj
                0x08002738                TIM_OC2_SetConfig
 .text.HAL_TIM_PWM_ConfigChannel
                0x080027a8       0xdc CMakeFiles/6-timer.elf.dir/Drivers/STM32F4xx_HAL_Driver/Src/stm32f4xx_hal_tim.c.obj
                0x080027a8                HAL_TIM_PWM_ConfigChannel
 .text.TIM_TI1_SetConfig
                0x08002884       0x7c CMakeFiles/6-timer.elf.dir/Drivers/STM32F4xx_HAL_Driver/Src/stm32f4xx_hal_tim.c.obj
                0x08002884                TIM_TI1_SetConfig
 .text.HAL_TIM_IC_ConfigChannel
                0x08002900       0xc4 CMakeFiles/6-timer.elf.dir/Drivers/STM32F4xx_HAL_Driver/Src/stm32f4xx_hal_tim.c.obj
                0x08002900                HAL_TIM_IC_ConfigChannel
 .text.TIM_ETR_SetConfig
                0x080029c4       0x18 CMakeFiles/6-timer.elf.dir/Drivers/STM32F4xx_HAL_Driver/Src/stm32f4xx_hal_tim.c.obj
                0x080029c4                TIM_ETR_SetConfig
 .text.HAL_TIM_ConfigClockSource
                0x080029dc       0xfe CMakeFiles/6-timer.elf.dir/Drivers/STM32F4xx_HAL_Driver/Src/stm32f4xx_hal_tim.c.obj
                0x080029dc                HAL_TIM_ConfigClockSource
 .text.TIM_CCxChannelCmd
                0x08002ada       0x1e CMakeFiles/6-timer.elf.dir/Drivers/STM32F4xx_HAL_Driver/Src/stm32f4xx_hal_tim.c.obj
                0x08002ada                TIM_CCxChannelCmd
 .text.HAL_TIM_PWM_Start
                0x08002af8      0x104 CMakeFiles/6-timer.elf.dir/Drivers/STM32F4xx_HAL_Driver/Src/stm32f4xx_hal_tim.c.obj
                0x08002af8                HAL_TIM_PWM_Start
 .text.HAL_TIM_IC_Start_IT
                0x08002bfc      0x174 CMakeFiles/6-timer.elf.dir/Drivers/STM32F4xx_HAL_Driver/Src/stm32f4xx_hal_tim.c.obj
                0x08002bfc                HAL_TIM_IC_Start_IT
 .text.HAL_TIMEx_MasterConfigSynchronization
                0x08002d70       0x8c CMakeFiles/6-timer.elf.dir/Drivers/STM32F4xx_HAL_Driver/Src/stm32f4xx_hal_tim_ex.c.obj
                0x08002d70                HAL_TIMEx_MasterConfigSynchronization
 .text.HAL_TIMEx_CommutCallback
                0x08002dfc        0x2 CMakeFiles/6-timer.elf.dir/Drivers/STM32F4xx_HAL_Driver/Src/stm32f4xx_hal_tim_ex.c.obj
                0x08002dfc                HAL_TIMEx_CommutCallback
 .text.HAL_TIMEx_BreakCallback
                0x08002dfe        0x2 CMakeFiles/6-timer.elf.dir/Drivers/STM32F4xx_HAL_Driver/Src/stm32f4xx_hal_tim_ex.c.obj
                0x08002dfe                HAL_TIMEx_BreakCallback
 .text.UART_SetConfig
                0x08002e00      0x110 CMakeFiles/6-timer.elf.dir/Drivers/STM32F4xx_HAL_Driver/Src/stm32f4xx_hal_uart.c.obj
 .text.UART_WaitOnFlagUntilTimeout
                0x08002f10       0x88 CMakeFiles/6-timer.elf.dir/Drivers/STM32F4xx_HAL_Driver/Src/stm32f4xx_hal_uart.c.obj
 .text.HAL_UART_Init
                0x08002f98       0x5e CMakeFiles/6-timer.elf.dir/Drivers/STM32F4xx_HAL_Driver/Src/stm32f4xx_hal_uart.c.obj
                0x08002f98                HAL_UART_Init
 .text.HAL_UART_Transmit
                0x08002ff6       0xd8 CMakeFiles/6-timer.elf.dir/Drivers/STM32F4xx_HAL_Driver/Src/stm32f4xx_hal_uart.c.obj
                0x08002ff6                HAL_UART_Transmit
 *fill*         0x080030ce        0x2 
 .text.__errno  0x080030d0        0xc c:/st/gcc-arm-none-eabi-10.3-2021.10/bin/../lib/gcc/arm-none-eabi/10.3.1/../../../../arm-none-eabi/lib/thumb/v7e-m/nofp\libg.a(lib_a-errno.o)
                0x080030d0                __errno
 .text.__libc_init_array
                0x080030dc       0x48 c:/st/gcc-arm-none-eabi-10.3-2021.10/bin/../lib/gcc/arm-none-eabi/10.3.1/../../../../arm-none-eabi/lib/thumb/v7e-m/nofp\libg.a(lib_a-init.o)
                0x080030dc                __libc_init_array
 .text.memset   0x08003124       0xa4 c:/st/gcc-arm-none-eabi-10.3-2021.10/bin/../lib/gcc/arm-none-eabi/10.3.1/../../../../arm-none-eabi/lib/thumb/v7e-m/nofp\libg.a(lib_a-memset.o)
                0x08003124                memset
 .text.printf   0x080031c8       0x28 c:/st/gcc-arm-none-eabi-10.3-2021.10/bin/../lib/gcc/arm-none-eabi/10.3.1/../../../../arm-none-eabi/lib/thumb/v7e-m/nofp\libg.a(lib_a-printf.o)
                0x080031c8                printf
 .text._vfprintf_r
                0x080031f0     0x1ad4 c:/st/gcc-arm-none-eabi-10.3-2021.10/bin/../lib/gcc/arm-none-eabi/10.3.1/../../../../arm-none-eabi/lib/thumb/v7e-m/nofp\libg.a(lib_a-vfprintf.o)
                0x080031f0                _vfprintf_r
 .text.__sbprintf
                0x08004cc4       0x80 c:/st/gcc-arm-none-eabi-10.3-2021.10/bin/../lib/gcc/arm-none-eabi/10.3.1/../../../../arm-none-eabi/lib/thumb/v7e-m/nofp\libg.a(lib_a-vfprintf.o)
 .text.__swsetup_r
                0x08004d44       0xd4 c:/st/gcc-arm-none-eabi-10.3-2021.10/bin/../lib/gcc/arm-none-eabi/10.3.1/../../../../arm-none-eabi/lib/thumb/v7e-m/nofp\libg.a(lib_a-wsetup.o)
                0x08004d44                __swsetup_r
 .text.startup.register_fini
                0x08004e18       0x14 c:/st/gcc-arm-none-eabi-10.3-2021.10/bin/../lib/gcc/arm-none-eabi/10.3.1/../../../../arm-none-eabi/lib/thumb/v7e-m/nofp\libg.a(lib_a-__call_atexit.o)
 .text.atexit   0x08004e2c        0xc c:/st/gcc-arm-none-eabi-10.3-2021.10/bin/../lib/gcc/arm-none-eabi/10.3.1/../../../../arm-none-eabi/lib/thumb/v7e-m/nofp\libg.a(lib_a-atexit.o)
                0x08004e2c                atexit
 .text.quorem   0x08004e38      0x124 c:/st/gcc-arm-none-eabi-10.3-2021.10/bin/../lib/gcc/arm-none-eabi/10.3.1/../../../../arm-none-eabi/lib/thumb/v7e-m/nofp\libg.a(lib_a-dtoa.o)
 *fill*         0x08004f5c        0x4 
 .text._dtoa_r  0x08004f60      0xec4 c:/st/gcc-arm-none-eabi-10.3-2021.10/bin/../lib/gcc/arm-none-eabi/10.3.1/../../../../arm-none-eabi/lib/thumb/v7e-m/nofp\libg.a(lib_a-dtoa.o)
                0x08004f60                _dtoa_r
 .text.__sflush_r
                0x08005e24      0x120 c:/st/gcc-arm-none-eabi-10.3-2021.10/bin/../lib/gcc/arm-none-eabi/10.3.1/../../../../arm-none-eabi/lib/thumb/v7e-m/nofp\libg.a(lib_a-fflush.o)
                0x08005e24                __sflush_r
 .text._fflush_r
                0x08005f44       0x5c c:/st/gcc-arm-none-eabi-10.3-2021.10/bin/../lib/gcc/arm-none-eabi/10.3.1/../../../../arm-none-eabi/lib/thumb/v7e-m/nofp\libg.a(lib_a-fflush.o)
                0x08005f44                _fflush_r
 .text._cleanup_r
                0x08005fa0        0xc c:/st/gcc-arm-none-eabi-10.3-2021.10/bin/../lib/gcc/arm-none-eabi/10.3.1/../../../../arm-none-eabi/lib/thumb/v7e-m/nofp\libg.a(lib_a-findfp.o)
                0x08005fa0                _cleanup_r
 .text.__sinit  0x08005fac      0x10c c:/st/gcc-arm-none-eabi-10.3-2021.10/bin/../lib/gcc/arm-none-eabi/10.3.1/../../../../arm-none-eabi/lib/thumb/v7e-m/nofp\libg.a(lib_a-findfp.o)
                0x08005fac                __sinit
 .text.__sfp_lock_acquire
                0x080060b8        0xc c:/st/gcc-arm-none-eabi-10.3-2021.10/bin/../lib/gcc/arm-none-eabi/10.3.1/../../../../arm-none-eabi/lib/thumb/v7e-m/nofp\libg.a(lib_a-findfp.o)
                0x080060b8                __sfp_lock_acquire
 .text.__sfp_lock_release
                0x080060c4        0xc c:/st/gcc-arm-none-eabi-10.3-2021.10/bin/../lib/gcc/arm-none-eabi/10.3.1/../../../../arm-none-eabi/lib/thumb/v7e-m/nofp\libg.a(lib_a-findfp.o)
                0x080060c4                __sfp_lock_release
 .text.__libc_fini_array
                0x080060d0       0x2c c:/st/gcc-arm-none-eabi-10.3-2021.10/bin/../lib/gcc/arm-none-eabi/10.3.1/../../../../arm-none-eabi/lib/thumb/v7e-m/nofp\libg.a(lib_a-fini.o)
                0x080060d0                __libc_fini_array
 .text._malloc_trim_r
                0x080060fc       0xa0 c:/st/gcc-arm-none-eabi-10.3-2021.10/bin/../lib/gcc/arm-none-eabi/10.3.1/../../../../arm-none-eabi/lib/thumb/v7e-m/nofp\libg.a(lib_a-freer.o)
                0x080060fc                _malloc_trim_r
 .text._free_r  0x0800619c      0x20c c:/st/gcc-arm-none-eabi-10.3-2021.10/bin/../lib/gcc/arm-none-eabi/10.3.1/../../../../arm-none-eabi/lib/thumb/v7e-m/nofp\libg.a(lib_a-freer.o)
                0x0800619c                _free_r
 .text._fwalk_reent
                0x080063a8       0x48 c:/st/gcc-arm-none-eabi-10.3-2021.10/bin/../lib/gcc/arm-none-eabi/10.3.1/../../../../arm-none-eabi/lib/thumb/v7e-m/nofp\libg.a(lib_a-fwalk.o)
                0x080063a8                _fwalk_reent
 .text._localeconv_r
                0x080063f0        0x8 c:/st/gcc-arm-none-eabi-10.3-2021.10/bin/../lib/gcc/arm-none-eabi/10.3.1/../../../../arm-none-eabi/lib/thumb/v7e-m/nofp\libg.a(lib_a-localeconv.o)
                0x080063f0                _localeconv_r
 .text.__retarget_lock_init_recursive
                0x080063f8        0x4 c:/st/gcc-arm-none-eabi-10.3-2021.10/bin/../lib/gcc/arm-none-eabi/10.3.1/../../../../arm-none-eabi/lib/thumb/v7e-m/nofp\libg.a(lib_a-lock.o)
                0x080063f8                __retarget_lock_init_recursive
 .text.__retarget_lock_close_recursive
                0x080063fc        0x4 c:/st/gcc-arm-none-eabi-10.3-2021.10/bin/../lib/gcc/arm-none-eabi/10.3.1/../../../../arm-none-eabi/lib/thumb/v7e-m/nofp\libg.a(lib_a-lock.o)
                0x080063fc                __retarget_lock_close_recursive
 .text.__retarget_lock_acquire_recursive
                0x08006400        0x4 c:/st/gcc-arm-none-eabi-10.3-2021.10/bin/../lib/gcc/arm-none-eabi/10.3.1/../../../../arm-none-eabi/lib/thumb/v7e-m/nofp\libg.a(lib_a-lock.o)
                0x08006400                __retarget_lock_acquire_recursive
 .text.__retarget_lock_release_recursive
                0x08006404        0x4 c:/st/gcc-arm-none-eabi-10.3-2021.10/bin/../lib/gcc/arm-none-eabi/10.3.1/../../../../arm-none-eabi/lib/thumb/v7e-m/nofp\libg.a(lib_a-lock.o)
                0x08006404                __retarget_lock_release_recursive
 .text.__smakebuf_r
                0x08006408       0xe0 c:/st/gcc-arm-none-eabi-10.3-2021.10/bin/../lib/gcc/arm-none-eabi/10.3.1/../../../../arm-none-eabi/lib/thumb/v7e-m/nofp\libg.a(lib_a-makebuf.o)
                0x08006408                __smakebuf_r
 .text._malloc_r
                0x080064e8      0x560 c:/st/gcc-arm-none-eabi-10.3-2021.10/bin/../lib/gcc/arm-none-eabi/10.3.1/../../../../arm-none-eabi/lib/thumb/v7e-m/nofp\libg.a(lib_a-mallocr.o)
                0x080064e8                _malloc_r
 .text.__malloc_lock
                0x08006a48        0xc c:/st/gcc-arm-none-eabi-10.3-2021.10/bin/../lib/gcc/arm-none-eabi/10.3.1/../../../../arm-none-eabi/lib/thumb/v7e-m/nofp\libg.a(lib_a-mlock.o)
                0x08006a48                __malloc_lock
 .text.__malloc_unlock
                0x08006a54        0xc c:/st/gcc-arm-none-eabi-10.3-2021.10/bin/../lib/gcc/arm-none-eabi/10.3.1/../../../../arm-none-eabi/lib/thumb/v7e-m/nofp\libg.a(lib_a-mlock.o)
                0x08006a54                __malloc_unlock
 .text._Balloc  0x08006a60       0x4c c:/st/gcc-arm-none-eabi-10.3-2021.10/bin/../lib/gcc/arm-none-eabi/10.3.1/../../../../arm-none-eabi/lib/thumb/v7e-m/nofp\libg.a(lib_a-mprec.o)
                0x08006a60                _Balloc
 .text._Bfree   0x08006aac       0x14 c:/st/gcc-arm-none-eabi-10.3-2021.10/bin/../lib/gcc/arm-none-eabi/10.3.1/../../../../arm-none-eabi/lib/thumb/v7e-m/nofp\libg.a(lib_a-mprec.o)
                0x08006aac                _Bfree
 .text.__multadd
                0x08006ac0       0xa0 c:/st/gcc-arm-none-eabi-10.3-2021.10/bin/../lib/gcc/arm-none-eabi/10.3.1/../../../../arm-none-eabi/lib/thumb/v7e-m/nofp\libg.a(lib_a-mprec.o)
                0x08006ac0                __multadd
 .text.__hi0bits
                0x08006b60       0x40 c:/st/gcc-arm-none-eabi-10.3-2021.10/bin/../lib/gcc/arm-none-eabi/10.3.1/../../../../arm-none-eabi/lib/thumb/v7e-m/nofp\libg.a(lib_a-mprec.o)
                0x08006b60                __hi0bits
 .text.__lo0bits
                0x08006ba0       0x5c c:/st/gcc-arm-none-eabi-10.3-2021.10/bin/../lib/gcc/arm-none-eabi/10.3.1/../../../../arm-none-eabi/lib/thumb/v7e-m/nofp\libg.a(lib_a-mprec.o)
                0x08006ba0                __lo0bits
 .text.__i2b    0x08006bfc       0x5c c:/st/gcc-arm-none-eabi-10.3-2021.10/bin/../lib/gcc/arm-none-eabi/10.3.1/../../../../arm-none-eabi/lib/thumb/v7e-m/nofp\libg.a(lib_a-mprec.o)
                0x08006bfc                __i2b
 .text.__multiply
                0x08006c58      0x15c c:/st/gcc-arm-none-eabi-10.3-2021.10/bin/../lib/gcc/arm-none-eabi/10.3.1/../../../../arm-none-eabi/lib/thumb/v7e-m/nofp\libg.a(lib_a-mprec.o)
                0x08006c58                __multiply
 .text.__pow5mult
                0x08006db4       0xc0 c:/st/gcc-arm-none-eabi-10.3-2021.10/bin/../lib/gcc/arm-none-eabi/10.3.1/../../../../arm-none-eabi/lib/thumb/v7e-m/nofp\libg.a(lib_a-mprec.o)
                0x08006db4                __pow5mult
 .text.__lshift
                0x08006e74       0xf0 c:/st/gcc-arm-none-eabi-10.3-2021.10/bin/../lib/gcc/arm-none-eabi/10.3.1/../../../../arm-none-eabi/lib/thumb/v7e-m/nofp\libg.a(lib_a-mprec.o)
                0x08006e74                __lshift
 .text.__mcmp   0x08006f64       0x40 c:/st/gcc-arm-none-eabi-10.3-2021.10/bin/../lib/gcc/arm-none-eabi/10.3.1/../../../../arm-none-eabi/lib/thumb/v7e-m/nofp\libg.a(lib_a-mprec.o)
                0x08006f64                __mcmp
 .text.__mdiff  0x08006fa4      0x14c c:/st/gcc-arm-none-eabi-10.3-2021.10/bin/../lib/gcc/arm-none-eabi/10.3.1/../../../../arm-none-eabi/lib/thumb/v7e-m/nofp\libg.a(lib_a-mprec.o)
                0x08006fa4                __mdiff
 .text.__d2b    0x080070f0       0xc4 c:/st/gcc-arm-none-eabi-10.3-2021.10/bin/../lib/gcc/arm-none-eabi/10.3.1/../../../../arm-none-eabi/lib/thumb/v7e-m/nofp\libg.a(lib_a-mprec.o)
                0x080070f0                __d2b
 .text.frexp    0x080071b4       0x70 c:/st/gcc-arm-none-eabi-10.3-2021.10/bin/../lib/gcc/arm-none-eabi/10.3.1/../../../../arm-none-eabi/lib/thumb/v7e-m/nofp\libg.a(lib_a-s_frexp.o)
                0x080071b4                frexp
 .text._sbrk_r  0x08007224       0x24 c:/st/gcc-arm-none-eabi-10.3-2021.10/bin/../lib/gcc/arm-none-eabi/10.3.1/../../../../arm-none-eabi/lib/thumb/v7e-m/nofp\libg.a(lib_a-sbrkr.o)
                0x08007224                _sbrk_r
 .text.__sread  0x08007248       0x24 c:/st/gcc-arm-none-eabi-10.3-2021.10/bin/../lib/gcc/arm-none-eabi/10.3.1/../../../../arm-none-eabi/lib/thumb/v7e-m/nofp\libg.a(lib_a-stdio.o)
                0x08007248                __sread
 .text.__swrite
                0x0800726c       0x40 c:/st/gcc-arm-none-eabi-10.3-2021.10/bin/../lib/gcc/arm-none-eabi/10.3.1/../../../../arm-none-eabi/lib/thumb/v7e-m/nofp\libg.a(lib_a-stdio.o)
                0x0800726c                __swrite
 .text.__sseek  0x080072ac       0x20 c:/st/gcc-arm-none-eabi-10.3-2021.10/bin/../lib/gcc/arm-none-eabi/10.3.1/../../../../arm-none-eabi/lib/thumb/v7e-m/nofp\libg.a(lib_a-stdio.o)
                0x080072ac                __sseek
 .text.__sclose
                0x080072cc        0x8 c:/st/gcc-arm-none-eabi-10.3-2021.10/bin/../lib/gcc/arm-none-eabi/10.3.1/../../../../arm-none-eabi/lib/thumb/v7e-m/nofp\libg.a(lib_a-stdio.o)
                0x080072cc                __sclose
 .text.strncpy  0x080072d4       0x64 c:/st/gcc-arm-none-eabi-10.3-2021.10/bin/../lib/gcc/arm-none-eabi/10.3.1/../../../../arm-none-eabi/lib/thumb/v7e-m/nofp\libg.a(lib_a-strncpy.o)
                0x080072d4                strncpy
 .text.__sprint_r.part.0
                0x08007338       0x78 c:/st/gcc-arm-none-eabi-10.3-2021.10/bin/../lib/gcc/arm-none-eabi/10.3.1/../../../../arm-none-eabi/lib/thumb/v7e-m/nofp\libg.a(lib_a-vfiprintf.o)
 .text.__sprint_r
                0x080073b0       0x14 c:/st/gcc-arm-none-eabi-10.3-2021.10/bin/../lib/gcc/arm-none-eabi/10.3.1/../../../../arm-none-eabi/lib/thumb/v7e-m/nofp\libg.a(lib_a-vfiprintf.o)
                0x080073b0                __sprint_r
 .text._vfiprintf_r
                0x080073c4      0xda0 c:/st/gcc-arm-none-eabi-10.3-2021.10/bin/../lib/gcc/arm-none-eabi/10.3.1/../../../../arm-none-eabi/lib/thumb/v7e-m/nofp\libg.a(lib_a-vfiprintf.o)
                0x080073c4                _vfiprintf_r
 .text.__sbprintf
                0x08008164       0x80 c:/st/gcc-arm-none-eabi-10.3-2021.10/bin/../lib/gcc/arm-none-eabi/10.3.1/../../../../arm-none-eabi/lib/thumb/v7e-m/nofp\libg.a(lib_a-vfiprintf.o)
 .text._write_r
                0x080081e4       0x2c c:/st/gcc-arm-none-eabi-10.3-2021.10/bin/../lib/gcc/arm-none-eabi/10.3.1/../../../../arm-none-eabi/lib/thumb/v7e-m/nofp\libg.a(lib_a-writer.o)
                0x080081e4                _write_r
 .text.__register_exitproc
                0x08008210       0x8c c:/st/gcc-arm-none-eabi-10.3-2021.10/bin/../lib/gcc/arm-none-eabi/10.3.1/../../../../arm-none-eabi/lib/thumb/v7e-m/nofp\libg.a(lib_a-__atexit.o)
                0x08008210                __register_exitproc
 .text.__assert_func
                0x0800829c       0x40 c:/st/gcc-arm-none-eabi-10.3-2021.10/bin/../lib/gcc/arm-none-eabi/10.3.1/../../../../arm-none-eabi/lib/thumb/v7e-m/nofp\libg.a(lib_a-assert.o)
                0x0800829c                __assert_func
 .text._calloc_r
                0x080082dc       0x78 c:/st/gcc-arm-none-eabi-10.3-2021.10/bin/../lib/gcc/arm-none-eabi/10.3.1/../../../../arm-none-eabi/lib/thumb/v7e-m/nofp\libg.a(lib_a-callocr.o)
                0x080082dc                _calloc_r
 .text._close_r
                0x08008354       0x24 c:/st/gcc-arm-none-eabi-10.3-2021.10/bin/../lib/gcc/arm-none-eabi/10.3.1/../../../../arm-none-eabi/lib/thumb/v7e-m/nofp\libg.a(lib_a-closer.o)
                0x08008354                _close_r
 .text._fclose_r
                0x08008378       0xcc c:/st/gcc-arm-none-eabi-10.3-2021.10/bin/../lib/gcc/arm-none-eabi/10.3.1/../../../../arm-none-eabi/lib/thumb/v7e-m/nofp\libg.a(lib_a-fclose.o)
                0x08008378                _fclose_r
 .text.fiprintf
                0x08008444       0x28 c:/st/gcc-arm-none-eabi-10.3-2021.10/bin/../lib/gcc/arm-none-eabi/10.3.1/../../../../arm-none-eabi/lib/thumb/v7e-m/nofp\libg.a(lib_a-fiprintf.o)
                0x08008444                fiprintf
 .text.__fputwc
                0x0800846c       0xa8 c:/st/gcc-arm-none-eabi-10.3-2021.10/bin/../lib/gcc/arm-none-eabi/10.3.1/../../../../arm-none-eabi/lib/thumb/v7e-m/nofp\libg.a(lib_a-fputwc.o)
                0x0800846c                __fputwc
 .text._fputwc_r
                0x08008514       0x68 c:/st/gcc-arm-none-eabi-10.3-2021.10/bin/../lib/gcc/arm-none-eabi/10.3.1/../../../../arm-none-eabi/lib/thumb/v7e-m/nofp\libg.a(lib_a-fputwc.o)
                0x08008514                _fputwc_r
 .text._fstat_r
                0x0800857c       0x2c c:/st/gcc-arm-none-eabi-10.3-2021.10/bin/../lib/gcc/arm-none-eabi/10.3.1/../../../../arm-none-eabi/lib/thumb/v7e-m/nofp\libg.a(lib_a-fstatr.o)
                0x0800857c                _fstat_r
 .text.__sfvwrite_r
                0x080085a8      0x2e8 c:/st/gcc-arm-none-eabi-10.3-2021.10/bin/../lib/gcc/arm-none-eabi/10.3.1/../../../../arm-none-eabi/lib/thumb/v7e-m/nofp\libg.a(lib_a-fvwrite.o)
                0x080085a8                __sfvwrite_r
 .text._isatty_r
                0x08008890       0x24 c:/st/gcc-arm-none-eabi-10.3-2021.10/bin/../lib/gcc/arm-none-eabi/10.3.1/../../../../arm-none-eabi/lib/thumb/v7e-m/nofp\libg.a(lib_a-isattyr.o)
                0x08008890                _isatty_r
 .text.__locale_mb_cur_max
                0x080088b4        0xc c:/st/gcc-arm-none-eabi-10.3-2021.10/bin/../lib/gcc/arm-none-eabi/10.3.1/../../../../arm-none-eabi/lib/thumb/v7e-m/nofp\libg.a(lib_a-locale.o)
                0x080088b4                __locale_mb_cur_max
 .text._lseek_r
                0x080088c0       0x2c c:/st/gcc-arm-none-eabi-10.3-2021.10/bin/../lib/gcc/arm-none-eabi/10.3.1/../../../../arm-none-eabi/lib/thumb/v7e-m/nofp\libg.a(lib_a-lseekr.o)
                0x080088c0                _lseek_r
 .text.__ascii_mbtowc
                0x080088ec       0x2c c:/st/gcc-arm-none-eabi-10.3-2021.10/bin/../lib/gcc/arm-none-eabi/10.3.1/../../../../arm-none-eabi/lib/thumb/v7e-m/nofp\libg.a(lib_a-mbtowc_r.o)
                0x080088ec                __ascii_mbtowc
 .text.memmove  0x08008918       0xf8 c:/st/gcc-arm-none-eabi-10.3-2021.10/bin/../lib/gcc/arm-none-eabi/10.3.1/../../../../arm-none-eabi/lib/thumb/v7e-m/nofp\libg.a(lib_a-memmove.o)
                0x08008918                memmove
 .text._read_r  0x08008a10       0x2c c:/st/gcc-arm-none-eabi-10.3-2021.10/bin/../lib/gcc/arm-none-eabi/10.3.1/../../../../arm-none-eabi/lib/thumb/v7e-m/nofp\libg.a(lib_a-readr.o)
                0x08008a10                _read_r
 .text._realloc_r
                0x08008a3c      0x3d8 c:/st/gcc-arm-none-eabi-10.3-2021.10/bin/../lib/gcc/arm-none-eabi/10.3.1/../../../../arm-none-eabi/lib/thumb/v7e-m/nofp\libg.a(lib_a-reallocr.o)
                0x08008a3c                _realloc_r
 .text.__swbuf_r
                0x08008e14       0xb0 c:/st/gcc-arm-none-eabi-10.3-2021.10/bin/../lib/gcc/arm-none-eabi/10.3.1/../../../../arm-none-eabi/lib/thumb/v7e-m/nofp\libg.a(lib_a-wbuf.o)
                0x08008e14                __swbuf_r
 .text._wcrtomb_r
                0x08008ec4       0x3c c:/st/gcc-arm-none-eabi-10.3-2021.10/bin/../lib/gcc/arm-none-eabi/10.3.1/../../../../arm-none-eabi/lib/thumb/v7e-m/nofp\libg.a(lib_a-wcrtomb.o)
                0x08008ec4                _wcrtomb_r
 .text.__ascii_wctomb
                0x08008f00       0x1c c:/st/gcc-arm-none-eabi-10.3-2021.10/bin/../lib/gcc/arm-none-eabi/10.3.1/../../../../arm-none-eabi/lib/thumb/v7e-m/nofp\libg.a(lib_a-wctomb_r.o)
                0x08008f00                __ascii_wctomb
 .text.abort    0x08008f1c       0x10 c:/st/gcc-arm-none-eabi-10.3-2021.10/bin/../lib/gcc/arm-none-eabi/10.3.1/../../../../arm-none-eabi/lib/thumb/v7e-m/nofp\libg.a(lib_a-abort.o)
                0x08008f1c                abort
 .text.raise    0x08008f2c       0x5c c:/st/gcc-arm-none-eabi-10.3-2021.10/bin/../lib/gcc/arm-none-eabi/10.3.1/../../../../arm-none-eabi/lib/thumb/v7e-m/nofp\libg.a(lib_a-signal.o)
                0x08008f2c                raise
 .text._kill_r  0x08008f88       0x2c c:/st/gcc-arm-none-eabi-10.3-2021.10/bin/../lib/gcc/arm-none-eabi/10.3.1/../../../../arm-none-eabi/lib/thumb/v7e-m/nofp\libg.a(lib_a-signalr.o)
                0x08008f88                _kill_r
 .text._getpid_r
                0x08008fb4        0x4 c:/st/gcc-arm-none-eabi-10.3-2021.10/bin/../lib/gcc/arm-none-eabi/10.3.1/../../../../arm-none-eabi/lib/thumb/v7e-m/nofp\libg.a(lib_a-signalr.o)
                0x08008fb4                _getpid_r
 *(.glue_7)
 .glue_7        0x08008fb8        0x0 linker stubs
 *(.glue_7t)
 .glue_7t       0x08008fb8        0x0 linker stubs
 *(.eh_frame)
 .eh_frame      0x08008fb8        0x0 c:/st/gcc-arm-none-eabi-10.3-2021.10/bin/../lib/gcc/arm-none-eabi/10.3.1/thumb/v7e-m/nofp/crtbegin.o
 *(.init)
 .init          0x08008fb8        0x4 c:/st/gcc-arm-none-eabi-10.3-2021.10/bin/../lib/gcc/arm-none-eabi/10.3.1/thumb/v7e-m/nofp/crti.o
                0x08008fb8                _init
 .init          0x08008fbc        0x8 c:/st/gcc-arm-none-eabi-10.3-2021.10/bin/../lib/gcc/arm-none-eabi/10.3.1/thumb/v7e-m/nofp/crtn.o
 *(.fini)
 .fini          0x08008fc4        0x4 c:/st/gcc-arm-none-eabi-10.3-2021.10/bin/../lib/gcc/arm-none-eabi/10.3.1/thumb/v7e-m/nofp/crti.o
                0x08008fc4                _fini
 .fini          0x08008fc8        0x8 c:/st/gcc-arm-none-eabi-10.3-2021.10/bin/../lib/gcc/arm-none-eabi/10.3.1/thumb/v7e-m/nofp/crtn.o
                0x08008fd0                . = ALIGN (0x4)
                0x08008fd0                _etext = .

.vfp11_veneer   0x08008fd0        0x0
 .vfp11_veneer  0x08008fd0        0x0 linker stubs

.v4_bx          0x08008fd0        0x0
 .v4_bx         0x08008fd0        0x0 linker stubs

.iplt           0x08008fd0        0x0
 .iplt          0x08008fd0        0x0 c:/st/gcc-arm-none-eabi-10.3-2021.10/bin/../lib/gcc/arm-none-eabi/10.3.1/thumb/v7e-m/nofp/crtbegin.o

.rodata         0x08008fd0      0x420
                0x08008fd0                . = ALIGN (0x4)
 *(.rodata)
 *(.rodata*)
 .rodata.HAL_TIM_PeriodElapsedCallback.str1.4
                0x08008fd0        0xb CMakeFiles/6-timer.elf.dir/Core/Src/main.c.obj
 *fill*         0x08008fdb        0x1 
 .rodata.AHBPrescTable
                0x08008fdc       0x10 CMakeFiles/6-timer.elf.dir/Core/Src/system_stm32f4xx.c.obj
                0x08008fdc                AHBPrescTable
 .rodata.APBPrescTable
                0x08008fec        0x8 CMakeFiles/6-timer.elf.dir/Core/Src/system_stm32f4xx.c.obj
                0x08008fec                APBPrescTable
 .rodata._global_impure_ptr
                0x08008ff4        0x4 c:/st/gcc-arm-none-eabi-10.3-2021.10/bin/../lib/gcc/arm-none-eabi/10.3.1/../../../../arm-none-eabi/lib/thumb/v7e-m/nofp\libg.a(lib_a-impure.o)
                0x08008ff4                _global_impure_ptr
 .rodata._vfprintf_r.str1.4
                0x08008ff8       0x42 c:/st/gcc-arm-none-eabi-10.3-2021.10/bin/../lib/gcc/arm-none-eabi/10.3.1/../../../../arm-none-eabi/lib/thumb/v7e-m/nofp\libg.a(lib_a-vfprintf.o)
 *fill*         0x0800903a        0x2 
 .rodata.blanks.1
                0x0800903c       0x10 c:/st/gcc-arm-none-eabi-10.3-2021.10/bin/../lib/gcc/arm-none-eabi/10.3.1/../../../../arm-none-eabi/lib/thumb/v7e-m/nofp\libg.a(lib_a-vfprintf.o)
 .rodata.zeroes.0
                0x0800904c       0x10 c:/st/gcc-arm-none-eabi-10.3-2021.10/bin/../lib/gcc/arm-none-eabi/10.3.1/../../../../arm-none-eabi/lib/thumb/v7e-m/nofp\libg.a(lib_a-vfprintf.o)
 .rodata._dtoa_r.str1.4
                0x0800905c       0xa2 c:/st/gcc-arm-none-eabi-10.3-2021.10/bin/../lib/gcc/arm-none-eabi/10.3.1/../../../../arm-none-eabi/lib/thumb/v7e-m/nofp\libg.a(lib_a-dtoa.o)
                                 0xa6 (size before relaxing)
 *fill*         0x080090fe        0x2 
 .rodata.__multadd.str1.4
                0x08009100       0x7f c:/st/gcc-arm-none-eabi-10.3-2021.10/bin/../lib/gcc/arm-none-eabi/10.3.1/../../../../arm-none-eabi/lib/thumb/v7e-m/nofp\libg.a(lib_a-mprec.o)
                                 0x93 (size before relaxing)
 *fill*         0x0800917f        0x1 
 .rodata.__mprec_bigtens
                0x08009180       0x28 c:/st/gcc-arm-none-eabi-10.3-2021.10/bin/../lib/gcc/arm-none-eabi/10.3.1/../../../../arm-none-eabi/lib/thumb/v7e-m/nofp\libg.a(lib_a-mprec.o)
                0x08009180                __mprec_bigtens
 .rodata.__mprec_tens
                0x080091a8       0xc8 c:/st/gcc-arm-none-eabi-10.3-2021.10/bin/../lib/gcc/arm-none-eabi/10.3.1/../../../../arm-none-eabi/lib/thumb/v7e-m/nofp\libg.a(lib_a-mprec.o)
                0x080091a8                __mprec_tens
 .rodata.p05.0  0x08009270        0xc c:/st/gcc-arm-none-eabi-10.3-2021.10/bin/../lib/gcc/arm-none-eabi/10.3.1/../../../../arm-none-eabi/lib/thumb/v7e-m/nofp\libg.a(lib_a-mprec.o)
 .rodata._vfiprintf_r.str1.4
                0x0800927c       0x2f c:/st/gcc-arm-none-eabi-10.3-2021.10/bin/../lib/gcc/arm-none-eabi/10.3.1/../../../../arm-none-eabi/lib/thumb/v7e-m/nofp\libg.a(lib_a-vfiprintf.o)
 .rodata.blanks.1
                0x0800927c       0x10 c:/st/gcc-arm-none-eabi-10.3-2021.10/bin/../lib/gcc/arm-none-eabi/10.3.1/../../../../arm-none-eabi/lib/thumb/v7e-m/nofp\libg.a(lib_a-vfiprintf.o)
 .rodata.zeroes.0
                0x0800928c       0x10 c:/st/gcc-arm-none-eabi-10.3-2021.10/bin/../lib/gcc/arm-none-eabi/10.3.1/../../../../arm-none-eabi/lib/thumb/v7e-m/nofp\libg.a(lib_a-vfiprintf.o)
 .rodata.__assert_func.str1.4
                0x0800929c       0x3f c:/st/gcc-arm-none-eabi-10.3-2021.10/bin/../lib/gcc/arm-none-eabi/10.3.1/../../../../arm-none-eabi/lib/thumb/v7e-m/nofp\libg.a(lib_a-assert.o)
                                 0x43 (size before relaxing)
 *fill*         0x080092db        0x1 
 .rodata._setlocale_r.str1.4
                0x080092dc        0xa c:/st/gcc-arm-none-eabi-10.3-2021.10/bin/../lib/gcc/arm-none-eabi/10.3.1/../../../../arm-none-eabi/lib/thumb/v7e-m/nofp\libg.a(lib_a-locale.o)
                                  0xd (size before relaxing)
 *fill*         0x080092e6        0x2 
 .rodata.str1.4
                0x080092e8        0x2 c:/st/gcc-arm-none-eabi-10.3-2021.10/bin/../lib/gcc/arm-none-eabi/10.3.1/../../../../arm-none-eabi/lib/thumb/v7e-m/nofp\libg.a(lib_a-locale.o)
 *fill*         0x080092ea        0x2 
 .rodata._ctype_
                0x080092ec      0x101 c:/st/gcc-arm-none-eabi-10.3-2021.10/bin/../lib/gcc/arm-none-eabi/10.3.1/../../../../arm-none-eabi/lib/thumb/v7e-m/nofp\libg.a(lib_a-ctype_.o)
                0x080092ec                _ctype_
                0x080093f0                . = ALIGN (0x4)
 *fill*         0x080093ed        0x3 

.ARM.extab      0x080093f0        0x0
                0x080093f0                . = ALIGN (0x4)
 *(.ARM.extab* .gnu.linkonce.armextab.*)
                0x080093f0                . = ALIGN (0x4)

.ARM            0x080093f0        0x8
                0x080093f0                . = ALIGN (0x4)
                0x080093f0                __exidx_start = .
 *(.ARM.exidx*)
 .ARM.exidx     0x080093f0        0x8 c:/st/gcc-arm-none-eabi-10.3-2021.10/bin/../lib/gcc/arm-none-eabi/10.3.1/thumb/v7e-m/nofp\libgcc.a(_udivmoddi4.o)
                0x080093f8                __exidx_end = .
                0x080093f8                . = ALIGN (0x4)

.rel.dyn        0x080093f8        0x0
 .rel.iplt      0x080093f8        0x0 c:/st/gcc-arm-none-eabi-10.3-2021.10/bin/../lib/gcc/arm-none-eabi/10.3.1/thumb/v7e-m/nofp/crtbegin.o

.preinit_array  0x080093f8        0x0
                0x080093f8                . = ALIGN (0x4)
                0x080093f8                PROVIDE (__preinit_array_start = .)
 *(.preinit_array*)
                0x080093f8                PROVIDE (__preinit_array_end = .)
                0x080093f8                . = ALIGN (0x4)

.init_array     0x080093f8        0x8
                0x080093f8                . = ALIGN (0x4)
                0x080093f8                PROVIDE (__init_array_start = .)
 *(SORT_BY_NAME(.init_array.*))
 .init_array.00000
                0x080093f8        0x4 c:/st/gcc-arm-none-eabi-10.3-2021.10/bin/../lib/gcc/arm-none-eabi/10.3.1/../../../../arm-none-eabi/lib/thumb/v7e-m/nofp\libg.a(lib_a-__call_atexit.o)
 *(.init_array*)
 .init_array    0x080093fc        0x4 c:/st/gcc-arm-none-eabi-10.3-2021.10/bin/../lib/gcc/arm-none-eabi/10.3.1/thumb/v7e-m/nofp/crtbegin.o
                0x08009400                PROVIDE (__init_array_end = .)
                0x08009400                . = ALIGN (0x4)

.fini_array     0x08009400        0x4
                0x08009400                . = ALIGN (0x4)
                0x08009400                PROVIDE (__fini_array_start = .)
 *(SORT_BY_NAME(.fini_array.*))
 *(.fini_array*)
 .fini_array    0x08009400        0x4 c:/st/gcc-arm-none-eabi-10.3-2021.10/bin/../lib/gcc/arm-none-eabi/10.3.1/thumb/v7e-m/nofp/crtbegin.o
                0x08009404                PROVIDE (__fini_array_end = .)
                0x08009404                . = ALIGN (0x4)
                0x08009404                _sidata = LOADADDR (.data)

.data           0x20000000      0x9b8 load address 0x08009404
                0x20000000                . = ALIGN (0x4)
                0x20000000                _sdata = .
 *(.data)
 *(.data*)
 .data.SystemCoreClock
                0x20000000        0x4 CMakeFiles/6-timer.elf.dir/Core/Src/system_stm32f4xx.c.obj
                0x20000000                SystemCoreClock
 .data.uwTickFreq
                0x20000004        0x1 CMakeFiles/6-timer.elf.dir/Drivers/STM32F4xx_HAL_Driver/Src/stm32f4xx_hal.c.obj
                0x20000004                uwTickFreq
 *fill*         0x20000005        0x3 
 .data.uwTickPrio
                0x20000008        0x4 CMakeFiles/6-timer.elf.dir/Drivers/STM32F4xx_HAL_Driver/Src/stm32f4xx_hal.c.obj
                0x20000008                uwTickPrio
 .data._impure_ptr
                0x2000000c        0x4 c:/st/gcc-arm-none-eabi-10.3-2021.10/bin/../lib/gcc/arm-none-eabi/10.3.1/../../../../arm-none-eabi/lib/thumb/v7e-m/nofp\libg.a(lib_a-impure.o)
                0x2000000c                _impure_ptr
 .data.impure_data
                0x20000010      0x428 c:/st/gcc-arm-none-eabi-10.3-2021.10/bin/../lib/gcc/arm-none-eabi/10.3.1/../../../../arm-none-eabi/lib/thumb/v7e-m/nofp\libg.a(lib_a-impure.o)
 .data.__atexit_recursive_mutex
                0x20000438        0x4 c:/st/gcc-arm-none-eabi-10.3-2021.10/bin/../lib/gcc/arm-none-eabi/10.3.1/../../../../arm-none-eabi/lib/thumb/v7e-m/nofp\libg.a(lib_a-__call_atexit.o)
                0x20000438                __atexit_recursive_mutex
 .data.__malloc_av_
                0x2000043c      0x408 c:/st/gcc-arm-none-eabi-10.3-2021.10/bin/../lib/gcc/arm-none-eabi/10.3.1/../../../../arm-none-eabi/lib/thumb/v7e-m/nofp\libg.a(lib_a-mallocr.o)
                0x2000043c                __malloc_av_
 .data.__malloc_sbrk_base
                0x20000844        0x4 c:/st/gcc-arm-none-eabi-10.3-2021.10/bin/../lib/gcc/arm-none-eabi/10.3.1/../../../../arm-none-eabi/lib/thumb/v7e-m/nofp\libg.a(lib_a-mallocr.o)
                0x20000844                __malloc_sbrk_base
 .data.__malloc_trim_threshold
                0x20000848        0x4 c:/st/gcc-arm-none-eabi-10.3-2021.10/bin/../lib/gcc/arm-none-eabi/10.3.1/../../../../arm-none-eabi/lib/thumb/v7e-m/nofp\libg.a(lib_a-mallocr.o)
                0x20000848                __malloc_trim_threshold
 .data.__global_locale
                0x2000084c      0x16c c:/st/gcc-arm-none-eabi-10.3-2021.10/bin/../lib/gcc/arm-none-eabi/10.3.1/../../../../arm-none-eabi/lib/thumb/v7e-m/nofp\libg.a(lib_a-locale.o)
                0x2000084c                __global_locale
 *(.RamFunc)
 *(.RamFunc*)
                0x200009b8                . = ALIGN (0x4)
                0x200009b8                _edata = .
                0x08009dbc                _siccmram = LOADADDR (.ccmram)

.igot.plt       0x200009b8        0x0 load address 0x08009dbc
 .igot.plt      0x200009b8        0x0 c:/st/gcc-arm-none-eabi-10.3-2021.10/bin/../lib/gcc/arm-none-eabi/10.3.1/thumb/v7e-m/nofp/crtbegin.o

.ccmram         0x10000000        0x0 load address 0x08009dbc
                0x10000000                . = ALIGN (0x4)
                0x10000000                _sccmram = .
 *(.ccmram)
 *(.ccmram*)
                0x10000000                . = ALIGN (0x4)
                0x10000000                _eccmram = .
                0x10000000                . = ALIGN (0x4)

.bss            0x200009b8      0x144
                0x200009b8                _sbss = .
                0x200009b8                __bss_start__ = _sbss
 *(.bss)
 .bss           0x200009b8       0x1c c:/st/gcc-arm-none-eabi-10.3-2021.10/bin/../lib/gcc/arm-none-eabi/10.3.1/thumb/v7e-m/nofp/crtbegin.o
 *(.bss*)
 .bss.pulse_value
                0x200009d4        0x4 CMakeFiles/6-timer.elf.dir/Core/Src/main.c.obj
                0x200009d4                pulse_value
 .bss.__sbrk_heap_end
                0x200009d8        0x4 CMakeFiles/6-timer.elf.dir/Core/Src/sysmem.c.obj
 .bss.htim2     0x200009dc       0x48 CMakeFiles/6-timer.elf.dir/Core/Src/tim.c.obj
                0x200009dc                htim2
 .bss.htim3     0x20000a24       0x48 CMakeFiles/6-timer.elf.dir/Core/Src/tim.c.obj
                0x20000a24                htim3
 .bss.huart1    0x20000a6c       0x44 CMakeFiles/6-timer.elf.dir/Core/Src/usart.c.obj
                0x20000a6c                huart1
 .bss.uwTick    0x20000ab0        0x4 CMakeFiles/6-timer.elf.dir/Drivers/STM32F4xx_HAL_Driver/Src/stm32f4xx_hal.c.obj
                0x20000ab0                uwTick
 .bss.__lock___atexit_recursive_mutex
                0x20000ab4        0x1 c:/st/gcc-arm-none-eabi-10.3-2021.10/bin/../lib/gcc/arm-none-eabi/10.3.1/../../../../arm-none-eabi/lib/thumb/v7e-m/nofp\libg.a(lib_a-lock.o)
                0x20000ab4                __lock___atexit_recursive_mutex
 *fill*         0x20000ab5        0x3 
 .bss.__lock___malloc_recursive_mutex
                0x20000ab8        0x1 c:/st/gcc-arm-none-eabi-10.3-2021.10/bin/../lib/gcc/arm-none-eabi/10.3.1/../../../../arm-none-eabi/lib/thumb/v7e-m/nofp\libg.a(lib_a-lock.o)
                0x20000ab8                __lock___malloc_recursive_mutex
 *fill*         0x20000ab9        0x3 
 .bss.__lock___sfp_recursive_mutex
                0x20000abc        0x1 c:/st/gcc-arm-none-eabi-10.3-2021.10/bin/../lib/gcc/arm-none-eabi/10.3.1/../../../../arm-none-eabi/lib/thumb/v7e-m/nofp\libg.a(lib_a-lock.o)
                0x20000abc                __lock___sfp_recursive_mutex
 *fill*         0x20000abd        0x3 
 .bss.__lock___sinit_recursive_mutex
                0x20000ac0        0x1 c:/st/gcc-arm-none-eabi-10.3-2021.10/bin/../lib/gcc/arm-none-eabi/10.3.1/../../../../arm-none-eabi/lib/thumb/v7e-m/nofp\libg.a(lib_a-lock.o)
                0x20000ac0                __lock___sinit_recursive_mutex
 *fill*         0x20000ac1        0x3 
 .bss.__malloc_current_mallinfo
                0x20000ac4       0x28 c:/st/gcc-arm-none-eabi-10.3-2021.10/bin/../lib/gcc/arm-none-eabi/10.3.1/../../../../arm-none-eabi/lib/thumb/v7e-m/nofp\libg.a(lib_a-mallocr.o)
                0x20000ac4                __malloc_current_mallinfo
 .bss.__malloc_max_sbrked_mem
                0x20000aec        0x4 c:/st/gcc-arm-none-eabi-10.3-2021.10/bin/../lib/gcc/arm-none-eabi/10.3.1/../../../../arm-none-eabi/lib/thumb/v7e-m/nofp\libg.a(lib_a-mallocr.o)
                0x20000aec                __malloc_max_sbrked_mem
 .bss.__malloc_max_total_mem
                0x20000af0        0x4 c:/st/gcc-arm-none-eabi-10.3-2021.10/bin/../lib/gcc/arm-none-eabi/10.3.1/../../../../arm-none-eabi/lib/thumb/v7e-m/nofp\libg.a(lib_a-mallocr.o)
                0x20000af0                __malloc_max_total_mem
 .bss.__malloc_top_pad
                0x20000af4        0x4 c:/st/gcc-arm-none-eabi-10.3-2021.10/bin/../lib/gcc/arm-none-eabi/10.3.1/../../../../arm-none-eabi/lib/thumb/v7e-m/nofp\libg.a(lib_a-mallocr.o)
                0x20000af4                __malloc_top_pad
 .bss.errno     0x20000af8        0x4 c:/st/gcc-arm-none-eabi-10.3-2021.10/bin/../lib/gcc/arm-none-eabi/10.3.1/../../../../arm-none-eabi/lib/thumb/v7e-m/nofp\libg.a(lib_a-reent.o)
                0x20000af8                errno
 *(COMMON)
                0x20000afc                . = ALIGN (0x4)
                0x20000afc                _ebss = .
                0x20000afc                __bss_end__ = _ebss

._user_heap_stack
                0x20000afc      0x604
                0x20000b00                . = ALIGN (0x8)
 *fill*         0x20000afc        0x4 
                [!provide]                PROVIDE (end = .)
                0x20000b00                PROVIDE (_end = .)
                0x20000d00                . = (. + _Min_Heap_Size)
 *fill*         0x20000b00      0x200 
                0x20001100                . = (. + _Min_Stack_Size)
 *fill*         0x20000d00      0x400 
                0x20001100                . = ALIGN (0x8)

/DISCARD/
 libc.a(*)
 libm.a(*)
 libgcc.a(*)

.ARM.attributes
                0x00000000       0x2a
 *(.ARM.attributes)
 .ARM.attributes
                0x00000000       0x1e c:/st/gcc-arm-none-eabi-10.3-2021.10/bin/../lib/gcc/arm-none-eabi/10.3.1/thumb/v7e-m/nofp/crti.o
 .ARM.attributes
                0x0000001e       0x2e c:/st/gcc-arm-none-eabi-10.3-2021.10/bin/../lib/gcc/arm-none-eabi/10.3.1/thumb/v7e-m/nofp/crtbegin.o
 .ARM.attributes
                0x0000004c       0x2e CMakeFiles/6-timer.elf.dir/Core/Src/gpio.c.obj
 .ARM.attributes
                0x0000007a       0x2e CMakeFiles/6-timer.elf.dir/Core/Src/main.c.obj
 .ARM.attributes
                0x000000a8       0x2e CMakeFiles/6-timer.elf.dir/Core/Src/stm32f4xx_hal_msp.c.obj
 .ARM.attributes
                0x000000d6       0x2e CMakeFiles/6-timer.elf.dir/Core/Src/stm32f4xx_it.c.obj
 .ARM.attributes
                0x00000104       0x2e CMakeFiles/6-timer.elf.dir/Core/Src/syscalls.c.obj
 .ARM.attributes
                0x00000132       0x2e CMakeFiles/6-timer.elf.dir/Core/Src/sysmem.c.obj
 .ARM.attributes
                0x00000160       0x2e CMakeFiles/6-timer.elf.dir/Core/Src/system_stm32f4xx.c.obj
 .ARM.attributes
                0x0000018e       0x2e CMakeFiles/6-timer.elf.dir/Core/Src/tim.c.obj
 .ARM.attributes
                0x000001bc       0x2e CMakeFiles/6-timer.elf.dir/Core/Src/usart.c.obj
 .ARM.attributes
                0x000001ea       0x21 CMakeFiles/6-timer.elf.dir/Core/Startup/startup_stm32f407zgtx.s.obj
 .ARM.attributes
                0x0000020b       0x2e CMakeFiles/6-timer.elf.dir/Drivers/STM32F4xx_HAL_Driver/Src/stm32f4xx_hal.c.obj
 .ARM.attributes
                0x00000239       0x2e CMakeFiles/6-timer.elf.dir/Drivers/STM32F4xx_HAL_Driver/Src/stm32f4xx_hal_cortex.c.obj
 .ARM.attributes
                0x00000267       0x2e CMakeFiles/6-timer.elf.dir/Drivers/STM32F4xx_HAL_Driver/Src/stm32f4xx_hal_gpio.c.obj
 .ARM.attributes
                0x00000295       0x2e CMakeFiles/6-timer.elf.dir/Drivers/STM32F4xx_HAL_Driver/Src/stm32f4xx_hal_rcc.c.obj
 .ARM.attributes
                0x000002c3       0x2e CMakeFiles/6-timer.elf.dir/Drivers/STM32F4xx_HAL_Driver/Src/stm32f4xx_hal_tim.c.obj
 .ARM.attributes
                0x000002f1       0x2e CMakeFiles/6-timer.elf.dir/Drivers/STM32F4xx_HAL_Driver/Src/stm32f4xx_hal_tim_ex.c.obj
 .ARM.attributes
                0x0000031f       0x2e CMakeFiles/6-timer.elf.dir/Drivers/STM32F4xx_HAL_Driver/Src/stm32f4xx_hal_uart.c.obj
 .ARM.attributes
                0x0000034d       0x1e c:/st/gcc-arm-none-eabi-10.3-2021.10/bin/../lib/gcc/arm-none-eabi/10.3.1/thumb/v7e-m/nofp\libgcc.a(_aeabi_uldivmod.o)
 .ARM.attributes
                0x0000036b       0x2e c:/st/gcc-arm-none-eabi-10.3-2021.10/bin/../lib/gcc/arm-none-eabi/10.3.1/thumb/v7e-m/nofp\libgcc.a(_udivmoddi4.o)
 .ARM.attributes
                0x00000399       0x1e c:/st/gcc-arm-none-eabi-10.3-2021.10/bin/../lib/gcc/arm-none-eabi/10.3.1/thumb/v7e-m/nofp\libgcc.a(_dvmd_tls.o)
 .ARM.attributes
                0x000003b7       0x2e c:/st/gcc-arm-none-eabi-10.3-2021.10/bin/../lib/gcc/arm-none-eabi/10.3.1/../../../../arm-none-eabi/lib/thumb/v7e-m/nofp\libg.a(lib_a-errno.o)
 .ARM.attributes
                0x000003e5       0x2e c:/st/gcc-arm-none-eabi-10.3-2021.10/bin/../lib/gcc/arm-none-eabi/10.3.1/../../../../arm-none-eabi/lib/thumb/v7e-m/nofp\libg.a(lib_a-impure.o)
 .ARM.attributes
                0x00000413       0x2e c:/st/gcc-arm-none-eabi-10.3-2021.10/bin/../lib/gcc/arm-none-eabi/10.3.1/../../../../arm-none-eabi/lib/thumb/v7e-m/nofp\libg.a(lib_a-init.o)
 .ARM.attributes
                0x00000441       0x2e c:/st/gcc-arm-none-eabi-10.3-2021.10/bin/../lib/gcc/arm-none-eabi/10.3.1/../../../../arm-none-eabi/lib/thumb/v7e-m/nofp\libg.a(lib_a-memset.o)
 .ARM.attributes
                0x0000046f       0x2e c:/st/gcc-arm-none-eabi-10.3-2021.10/bin/../lib/gcc/arm-none-eabi/10.3.1/../../../../arm-none-eabi/lib/thumb/v7e-m/nofp\libg.a(lib_a-printf.o)
 .ARM.attributes
                0x0000049d       0x2e c:/st/gcc-arm-none-eabi-10.3-2021.10/bin/../lib/gcc/arm-none-eabi/10.3.1/../../../../arm-none-eabi/lib/thumb/v7e-m/nofp\libg.a(lib_a-vfprintf.o)
 .ARM.attributes
                0x000004cb       0x2e c:/st/gcc-arm-none-eabi-10.3-2021.10/bin/../lib/gcc/arm-none-eabi/10.3.1/../../../../arm-none-eabi/lib/thumb/v7e-m/nofp\libg.a(lib_a-wsetup.o)
 .ARM.attributes
                0x000004f9       0x2e c:/st/gcc-arm-none-eabi-10.3-2021.10/bin/../lib/gcc/arm-none-eabi/10.3.1/../../../../arm-none-eabi/lib/thumb/v7e-m/nofp\libg.a(lib_a-__call_atexit.o)
 .ARM.attributes
                0x00000527       0x2e c:/st/gcc-arm-none-eabi-10.3-2021.10/bin/../lib/gcc/arm-none-eabi/10.3.1/../../../../arm-none-eabi/lib/thumb/v7e-m/nofp\libg.a(lib_a-atexit.o)
 .ARM.attributes
                0x00000555       0x2e c:/st/gcc-arm-none-eabi-10.3-2021.10/bin/../lib/gcc/arm-none-eabi/10.3.1/../../../../arm-none-eabi/lib/thumb/v7e-m/nofp\libg.a(lib_a-dtoa.o)
 .ARM.attributes
                0x00000583       0x2e c:/st/gcc-arm-none-eabi-10.3-2021.10/bin/../lib/gcc/arm-none-eabi/10.3.1/../../../../arm-none-eabi/lib/thumb/v7e-m/nofp\libg.a(lib_a-fflush.o)
 .ARM.attributes
                0x000005b1       0x2e c:/st/gcc-arm-none-eabi-10.3-2021.10/bin/../lib/gcc/arm-none-eabi/10.3.1/../../../../arm-none-eabi/lib/thumb/v7e-m/nofp\libg.a(lib_a-findfp.o)
 .ARM.attributes
                0x000005df       0x2e c:/st/gcc-arm-none-eabi-10.3-2021.10/bin/../lib/gcc/arm-none-eabi/10.3.1/../../../../arm-none-eabi/lib/thumb/v7e-m/nofp\libg.a(lib_a-fini.o)
 .ARM.attributes
                0x0000060d       0x2e c:/st/gcc-arm-none-eabi-10.3-2021.10/bin/../lib/gcc/arm-none-eabi/10.3.1/../../../../arm-none-eabi/lib/thumb/v7e-m/nofp\libg.a(lib_a-freer.o)
 .ARM.attributes
                0x0000063b       0x2e c:/st/gcc-arm-none-eabi-10.3-2021.10/bin/../lib/gcc/arm-none-eabi/10.3.1/../../../../arm-none-eabi/lib/thumb/v7e-m/nofp\libg.a(lib_a-fwalk.o)
 .ARM.attributes
                0x00000669       0x2e c:/st/gcc-arm-none-eabi-10.3-2021.10/bin/../lib/gcc/arm-none-eabi/10.3.1/../../../../arm-none-eabi/lib/thumb/v7e-m/nofp\libg.a(lib_a-localeconv.o)
 .ARM.attributes
                0x00000697       0x2e c:/st/gcc-arm-none-eabi-10.3-2021.10/bin/../lib/gcc/arm-none-eabi/10.3.1/../../../../arm-none-eabi/lib/thumb/v7e-m/nofp\libg.a(lib_a-lock.o)
 .ARM.attributes
                0x000006c5       0x2e c:/st/gcc-arm-none-eabi-10.3-2021.10/bin/../lib/gcc/arm-none-eabi/10.3.1/../../../../arm-none-eabi/lib/thumb/v7e-m/nofp\libg.a(lib_a-makebuf.o)
 .ARM.attributes
                0x000006f3       0x2e c:/st/gcc-arm-none-eabi-10.3-2021.10/bin/../lib/gcc/arm-none-eabi/10.3.1/../../../../arm-none-eabi/lib/thumb/v7e-m/nofp\libg.a(lib_a-mallocr.o)
 .ARM.attributes
                0x00000721       0x1c c:/st/gcc-arm-none-eabi-10.3-2021.10/bin/../lib/gcc/arm-none-eabi/10.3.1/../../../../arm-none-eabi/lib/thumb/v7e-m/nofp\libg.a(lib_a-memchr.o)
 .ARM.attributes
                0x0000073d       0x1c c:/st/gcc-arm-none-eabi-10.3-2021.10/bin/../lib/gcc/arm-none-eabi/10.3.1/../../../../arm-none-eabi/lib/thumb/v7e-m/nofp\libg.a(lib_a-memcpy.o)
 .ARM.attributes
                0x00000759       0x2e c:/st/gcc-arm-none-eabi-10.3-2021.10/bin/../lib/gcc/arm-none-eabi/10.3.1/../../../../arm-none-eabi/lib/thumb/v7e-m/nofp\libg.a(lib_a-mlock.o)
 .ARM.attributes
                0x00000787       0x2e c:/st/gcc-arm-none-eabi-10.3-2021.10/bin/../lib/gcc/arm-none-eabi/10.3.1/../../../../arm-none-eabi/lib/thumb/v7e-m/nofp\libg.a(lib_a-mprec.o)
 .ARM.attributes
                0x000007b5       0x2e c:/st/gcc-arm-none-eabi-10.3-2021.10/bin/../lib/gcc/arm-none-eabi/10.3.1/../../../../arm-none-eabi/lib/thumb/v7e-m/nofp\libg.a(lib_a-s_frexp.o)
 .ARM.attributes
                0x000007e3       0x2e c:/st/gcc-arm-none-eabi-10.3-2021.10/bin/../lib/gcc/arm-none-eabi/10.3.1/../../../../arm-none-eabi/lib/thumb/v7e-m/nofp\libg.a(lib_a-sbrkr.o)
 .ARM.attributes
                0x00000811       0x2e c:/st/gcc-arm-none-eabi-10.3-2021.10/bin/../lib/gcc/arm-none-eabi/10.3.1/../../../../arm-none-eabi/lib/thumb/v7e-m/nofp\libg.a(lib_a-stdio.o)
 .ARM.attributes
                0x0000083f       0x1c c:/st/gcc-arm-none-eabi-10.3-2021.10/bin/../lib/gcc/arm-none-eabi/10.3.1/../../../../arm-none-eabi/lib/thumb/v7e-m/nofp\libg.a(lib_a-strlen.o)
 .ARM.attributes
                0x0000085b       0x2e c:/st/gcc-arm-none-eabi-10.3-2021.10/bin/../lib/gcc/arm-none-eabi/10.3.1/../../../../arm-none-eabi/lib/thumb/v7e-m/nofp\libg.a(lib_a-strncpy.o)
 .ARM.attributes
                0x00000889       0x2e c:/st/gcc-arm-none-eabi-10.3-2021.10/bin/../lib/gcc/arm-none-eabi/10.3.1/../../../../arm-none-eabi/lib/thumb/v7e-m/nofp\libg.a(lib_a-vfiprintf.o)
 .ARM.attributes
                0x000008b7       0x2e c:/st/gcc-arm-none-eabi-10.3-2021.10/bin/../lib/gcc/arm-none-eabi/10.3.1/../../../../arm-none-eabi/lib/thumb/v7e-m/nofp\libg.a(lib_a-writer.o)
 .ARM.attributes
                0x000008e5       0x2e c:/st/gcc-arm-none-eabi-10.3-2021.10/bin/../lib/gcc/arm-none-eabi/10.3.1/../../../../arm-none-eabi/lib/thumb/v7e-m/nofp\libg.a(lib_a-__atexit.o)
 .ARM.attributes
                0x00000913       0x2e c:/st/gcc-arm-none-eabi-10.3-2021.10/bin/../lib/gcc/arm-none-eabi/10.3.1/../../../../arm-none-eabi/lib/thumb/v7e-m/nofp\libg.a(lib_a-assert.o)
 .ARM.attributes
                0x00000941       0x2e c:/st/gcc-arm-none-eabi-10.3-2021.10/bin/../lib/gcc/arm-none-eabi/10.3.1/../../../../arm-none-eabi/lib/thumb/v7e-m/nofp\libg.a(lib_a-callocr.o)
 .ARM.attributes
                0x0000096f       0x2e c:/st/gcc-arm-none-eabi-10.3-2021.10/bin/../lib/gcc/arm-none-eabi/10.3.1/../../../../arm-none-eabi/lib/thumb/v7e-m/nofp\libg.a(lib_a-closer.o)
 .ARM.attributes
                0x0000099d       0x2e c:/st/gcc-arm-none-eabi-10.3-2021.10/bin/../lib/gcc/arm-none-eabi/10.3.1/../../../../arm-none-eabi/lib/thumb/v7e-m/nofp\libg.a(lib_a-fclose.o)
 .ARM.attributes
                0x000009cb       0x2e c:/st/gcc-arm-none-eabi-10.3-2021.10/bin/../lib/gcc/arm-none-eabi/10.3.1/../../../../arm-none-eabi/lib/thumb/v7e-m/nofp\libg.a(lib_a-fiprintf.o)
 .ARM.attributes
                0x000009f9       0x2e c:/st/gcc-arm-none-eabi-10.3-2021.10/bin/../lib/gcc/arm-none-eabi/10.3.1/../../../../arm-none-eabi/lib/thumb/v7e-m/nofp\libg.a(lib_a-fputwc.o)
 .ARM.attributes
                0x00000a27       0x2e c:/st/gcc-arm-none-eabi-10.3-2021.10/bin/../lib/gcc/arm-none-eabi/10.3.1/../../../../arm-none-eabi/lib/thumb/v7e-m/nofp\libg.a(lib_a-fstatr.o)
 .ARM.attributes
                0x00000a55       0x2e c:/st/gcc-arm-none-eabi-10.3-2021.10/bin/../lib/gcc/arm-none-eabi/10.3.1/../../../../arm-none-eabi/lib/thumb/v7e-m/nofp\libg.a(lib_a-fvwrite.o)
 .ARM.attributes
                0x00000a83       0x2e c:/st/gcc-arm-none-eabi-10.3-2021.10/bin/../lib/gcc/arm-none-eabi/10.3.1/../../../../arm-none-eabi/lib/thumb/v7e-m/nofp\libg.a(lib_a-isattyr.o)
 .ARM.attributes
                0x00000ab1       0x2e c:/st/gcc-arm-none-eabi-10.3-2021.10/bin/../lib/gcc/arm-none-eabi/10.3.1/../../../../arm-none-eabi/lib/thumb/v7e-m/nofp\libg.a(lib_a-locale.o)
 .ARM.attributes
                0x00000adf       0x2e c:/st/gcc-arm-none-eabi-10.3-2021.10/bin/../lib/gcc/arm-none-eabi/10.3.1/../../../../arm-none-eabi/lib/thumb/v7e-m/nofp\libg.a(lib_a-lseekr.o)
 .ARM.attributes
                0x00000b0d       0x2e c:/st/gcc-arm-none-eabi-10.3-2021.10/bin/../lib/gcc/arm-none-eabi/10.3.1/../../../../arm-none-eabi/lib/thumb/v7e-m/nofp\libg.a(lib_a-mbtowc_r.o)
 .ARM.attributes
                0x00000b3b       0x2e c:/st/gcc-arm-none-eabi-10.3-2021.10/bin/../lib/gcc/arm-none-eabi/10.3.1/../../../../arm-none-eabi/lib/thumb/v7e-m/nofp\libg.a(lib_a-memmove.o)
 .ARM.attributes
                0x00000b69       0x2e c:/st/gcc-arm-none-eabi-10.3-2021.10/bin/../lib/gcc/arm-none-eabi/10.3.1/../../../../arm-none-eabi/lib/thumb/v7e-m/nofp\libg.a(lib_a-readr.o)
 .ARM.attributes
                0x00000b97       0x2e c:/st/gcc-arm-none-eabi-10.3-2021.10/bin/../lib/gcc/arm-none-eabi/10.3.1/../../../../arm-none-eabi/lib/thumb/v7e-m/nofp\libg.a(lib_a-reallocr.o)
 .ARM.attributes
                0x00000bc5       0x2e c:/st/gcc-arm-none-eabi-10.3-2021.10/bin/../lib/gcc/arm-none-eabi/10.3.1/../../../../arm-none-eabi/lib/thumb/v7e-m/nofp\libg.a(lib_a-reent.o)
 .ARM.attributes
                0x00000bf3       0x2e c:/st/gcc-arm-none-eabi-10.3-2021.10/bin/../lib/gcc/arm-none-eabi/10.3.1/../../../../arm-none-eabi/lib/thumb/v7e-m/nofp\libg.a(lib_a-wbuf.o)
 .ARM.attributes
                0x00000c21       0x2e c:/st/gcc-arm-none-eabi-10.3-2021.10/bin/../lib/gcc/arm-none-eabi/10.3.1/../../../../arm-none-eabi/lib/thumb/v7e-m/nofp\libg.a(lib_a-wcrtomb.o)
 .ARM.attributes
                0x00000c4f       0x2e c:/st/gcc-arm-none-eabi-10.3-2021.10/bin/../lib/gcc/arm-none-eabi/10.3.1/../../../../arm-none-eabi/lib/thumb/v7e-m/nofp\libg.a(lib_a-wctomb_r.o)
 .ARM.attributes
                0x00000c7d       0x2e c:/st/gcc-arm-none-eabi-10.3-2021.10/bin/../lib/gcc/arm-none-eabi/10.3.1/../../../../arm-none-eabi/lib/thumb/v7e-m/nofp\libg.a(lib_a-abort.o)
 .ARM.attributes
                0x00000cab       0x2e c:/st/gcc-arm-none-eabi-10.3-2021.10/bin/../lib/gcc/arm-none-eabi/10.3.1/../../../../arm-none-eabi/lib/thumb/v7e-m/nofp\libg.a(lib_a-ctype_.o)
 .ARM.attributes
                0x00000cd9       0x2e c:/st/gcc-arm-none-eabi-10.3-2021.10/bin/../lib/gcc/arm-none-eabi/10.3.1/../../../../arm-none-eabi/lib/thumb/v7e-m/nofp\libg.a(lib_a-signal.o)
 .ARM.attributes
                0x00000d07       0x2e c:/st/gcc-arm-none-eabi-10.3-2021.10/bin/../lib/gcc/arm-none-eabi/10.3.1/../../../../arm-none-eabi/lib/thumb/v7e-m/nofp\libg.a(lib_a-signalr.o)
 .ARM.attributes
                0x00000d35       0x1e c:/st/gcc-arm-none-eabi-10.3-2021.10/bin/../lib/gcc/arm-none-eabi/10.3.1/thumb/v7e-m/nofp\libgcc.a(_arm_addsubdf3.o)
 .ARM.attributes
                0x00000d53       0x1e c:/st/gcc-arm-none-eabi-10.3-2021.10/bin/../lib/gcc/arm-none-eabi/10.3.1/thumb/v7e-m/nofp\libgcc.a(_arm_muldivdf3.o)
 .ARM.attributes
                0x00000d71       0x1e c:/st/gcc-arm-none-eabi-10.3-2021.10/bin/../lib/gcc/arm-none-eabi/10.3.1/thumb/v7e-m/nofp\libgcc.a(_arm_cmpdf2.o)
 .ARM.attributes
                0x00000d8f       0x1e c:/st/gcc-arm-none-eabi-10.3-2021.10/bin/../lib/gcc/arm-none-eabi/10.3.1/thumb/v7e-m/nofp\libgcc.a(_arm_unorddf2.o)
 .ARM.attributes
                0x00000dad       0x1e c:/st/gcc-arm-none-eabi-10.3-2021.10/bin/../lib/gcc/arm-none-eabi/10.3.1/thumb/v7e-m/nofp\libgcc.a(_arm_fixdfsi.o)
 .ARM.attributes
                0x00000dcb       0x1e c:/st/gcc-arm-none-eabi-10.3-2021.10/bin/../lib/gcc/arm-none-eabi/10.3.1/thumb/v7e-m/nofp/crtn.o
OUTPUT(6-timer.elf elf32-littlearm)
LOAD linker stubs
LOAD c:/st/gcc-arm-none-eabi-10.3-2021.10/bin/../lib/gcc/arm-none-eabi/10.3.1/../../../../arm-none-eabi/lib/thumb/v7e-m/nofp\libc.a
LOAD c:/st/gcc-arm-none-eabi-10.3-2021.10/bin/../lib/gcc/arm-none-eabi/10.3.1/../../../../arm-none-eabi/lib/thumb/v7e-m/nofp\libm.a
LOAD c:/st/gcc-arm-none-eabi-10.3-2021.10/bin/../lib/gcc/arm-none-eabi/10.3.1/thumb/v7e-m/nofp\libgcc.a

.debug_info     0x00000000    0x10e06
 .debug_info    0x00000000      0x45a CMakeFiles/6-timer.elf.dir/Core/Src/gpio.c.obj
 .debug_info    0x0000045a     0x1012 CMakeFiles/6-timer.elf.dir/Core/Src/main.c.obj
 .debug_info    0x0000146c      0x2a4 CMakeFiles/6-timer.elf.dir/Core/Src/stm32f4xx_hal_msp.c.obj
 .debug_info    0x00001710      0x746 CMakeFiles/6-timer.elf.dir/Core/Src/stm32f4xx_it.c.obj
 .debug_info    0x00001e56      0x7af CMakeFiles/6-timer.elf.dir/Core/Src/syscalls.c.obj
 .debug_info    0x00002605      0x174 CMakeFiles/6-timer.elf.dir/Core/Src/sysmem.c.obj
 .debug_info    0x00002779      0x37d CMakeFiles/6-timer.elf.dir/Core/Src/system_stm32f4xx.c.obj
 .debug_info    0x00002af6     0x115e CMakeFiles/6-timer.elf.dir/Core/Src/tim.c.obj
 .debug_info    0x00003c54      0x9ce CMakeFiles/6-timer.elf.dir/Core/Src/usart.c.obj
 .debug_info    0x00004622       0x22 CMakeFiles/6-timer.elf.dir/Core/Startup/startup_stm32f407zgtx.s.obj
 .debug_info    0x00004644      0x9f0 CMakeFiles/6-timer.elf.dir/Drivers/STM32F4xx_HAL_Driver/Src/stm32f4xx_hal.c.obj
 .debug_info    0x00005034     0x1098 CMakeFiles/6-timer.elf.dir/Drivers/STM32F4xx_HAL_Driver/Src/stm32f4xx_hal_cortex.c.obj
 .debug_info    0x000060cc      0x7b0 CMakeFiles/6-timer.elf.dir/Drivers/STM32F4xx_HAL_Driver/Src/stm32f4xx_hal_gpio.c.obj
 .debug_info    0x0000687c      0xb03 CMakeFiles/6-timer.elf.dir/Drivers/STM32F4xx_HAL_Driver/Src/stm32f4xx_hal_rcc.c.obj
 .debug_info    0x0000737f     0x3d5b CMakeFiles/6-timer.elf.dir/Drivers/STM32F4xx_HAL_Driver/Src/stm32f4xx_hal_tim.c.obj
 .debug_info    0x0000b0da     0x1ade CMakeFiles/6-timer.elf.dir/Drivers/STM32F4xx_HAL_Driver/Src/stm32f4xx_hal_tim_ex.c.obj
 .debug_info    0x0000cbb8     0x424e CMakeFiles/6-timer.elf.dir/Drivers/STM32F4xx_HAL_Driver/Src/stm32f4xx_hal_uart.c.obj

.debug_abbrev   0x00000000     0x1ee7
 .debug_abbrev  0x00000000      0x14e CMakeFiles/6-timer.elf.dir/Core/Src/gpio.c.obj
 .debug_abbrev  0x0000014e      0x26c CMakeFiles/6-timer.elf.dir/Core/Src/main.c.obj
 .debug_abbrev  0x000003ba       0xd1 CMakeFiles/6-timer.elf.dir/Core/Src/stm32f4xx_hal_msp.c.obj
 .debug_abbrev  0x0000048b      0x18c CMakeFiles/6-timer.elf.dir/Core/Src/stm32f4xx_it.c.obj
 .debug_abbrev  0x00000617      0x1a3 CMakeFiles/6-timer.elf.dir/Core/Src/syscalls.c.obj
 .debug_abbrev  0x000007ba       0xe7 CMakeFiles/6-timer.elf.dir/Core/Src/sysmem.c.obj
 .debug_abbrev  0x000008a1      0x119 CMakeFiles/6-timer.elf.dir/Core/Src/system_stm32f4xx.c.obj
 .debug_abbrev  0x000009ba      0x1ef CMakeFiles/6-timer.elf.dir/Core/Src/tim.c.obj
 .debug_abbrev  0x00000ba9      0x1da CMakeFiles/6-timer.elf.dir/Core/Src/usart.c.obj
 .debug_abbrev  0x00000d83       0x12 CMakeFiles/6-timer.elf.dir/Core/Startup/startup_stm32f407zgtx.s.obj
 .debug_abbrev  0x00000d95      0x206 CMakeFiles/6-timer.elf.dir/Drivers/STM32F4xx_HAL_Driver/Src/stm32f4xx_hal.c.obj
 .debug_abbrev  0x00000f9b      0x36a CMakeFiles/6-timer.elf.dir/Drivers/STM32F4xx_HAL_Driver/Src/stm32f4xx_hal_cortex.c.obj
 .debug_abbrev  0x00001305      0x1ef CMakeFiles/6-timer.elf.dir/Drivers/STM32F4xx_HAL_Driver/Src/stm32f4xx_hal_gpio.c.obj
 .debug_abbrev  0x000014f4      0x28a CMakeFiles/6-timer.elf.dir/Drivers/STM32F4xx_HAL_Driver/Src/stm32f4xx_hal_rcc.c.obj
 .debug_abbrev  0x0000177e      0x22b CMakeFiles/6-timer.elf.dir/Drivers/STM32F4xx_HAL_Driver/Src/stm32f4xx_hal_tim.c.obj
 .debug_abbrev  0x000019a9      0x241 CMakeFiles/6-timer.elf.dir/Drivers/STM32F4xx_HAL_Driver/Src/stm32f4xx_hal_tim_ex.c.obj
 .debug_abbrev  0x00001bea      0x2fd CMakeFiles/6-timer.elf.dir/Drivers/STM32F4xx_HAL_Driver/Src/stm32f4xx_hal_uart.c.obj

.debug_aranges  0x00000000      0xc28
 .debug_aranges
                0x00000000       0x20 CMakeFiles/6-timer.elf.dir/Core/Src/gpio.c.obj
 .debug_aranges
                0x00000020       0x48 CMakeFiles/6-timer.elf.dir/Core/Src/main.c.obj
 .debug_aranges
                0x00000068       0x20 CMakeFiles/6-timer.elf.dir/Core/Src/stm32f4xx_hal_msp.c.obj
 .debug_aranges
                0x00000088       0x68 CMakeFiles/6-timer.elf.dir/Core/Src/stm32f4xx_it.c.obj
 .debug_aranges
                0x000000f0       0xa8 CMakeFiles/6-timer.elf.dir/Core/Src/syscalls.c.obj
 .debug_aranges
                0x00000198       0x20 CMakeFiles/6-timer.elf.dir/Core/Src/sysmem.c.obj
 .debug_aranges
                0x000001b8       0x28 CMakeFiles/6-timer.elf.dir/Core/Src/system_stm32f4xx.c.obj
 .debug_aranges
                0x000001e0       0x40 CMakeFiles/6-timer.elf.dir/Core/Src/tim.c.obj
 .debug_aranges
                0x00000220       0x30 CMakeFiles/6-timer.elf.dir/Core/Src/usart.c.obj
 .debug_aranges
                0x00000250       0x28 CMakeFiles/6-timer.elf.dir/Core/Startup/startup_stm32f407zgtx.s.obj
 .debug_aranges
                0x00000278       0xf0 CMakeFiles/6-timer.elf.dir/Drivers/STM32F4xx_HAL_Driver/Src/stm32f4xx_hal.c.obj
 .debug_aranges
                0x00000368       0xa8 CMakeFiles/6-timer.elf.dir/Drivers/STM32F4xx_HAL_Driver/Src/stm32f4xx_hal_cortex.c.obj
 .debug_aranges
                0x00000410       0x58 CMakeFiles/6-timer.elf.dir/Drivers/STM32F4xx_HAL_Driver/Src/stm32f4xx_hal_gpio.c.obj
 .debug_aranges
                0x00000468       0x88 CMakeFiles/6-timer.elf.dir/Drivers/STM32F4xx_HAL_Driver/Src/stm32f4xx_hal_rcc.c.obj
 .debug_aranges
                0x000004f0      0x3d0 CMakeFiles/6-timer.elf.dir/Drivers/STM32F4xx_HAL_Driver/Src/stm32f4xx_hal_tim.c.obj
 .debug_aranges
                0x000008c0      0x168 CMakeFiles/6-timer.elf.dir/Drivers/STM32F4xx_HAL_Driver/Src/stm32f4xx_hal_tim_ex.c.obj
 .debug_aranges
                0x00000a28      0x200 CMakeFiles/6-timer.elf.dir/Drivers/STM32F4xx_HAL_Driver/Src/stm32f4xx_hal_uart.c.obj

.debug_ranges   0x00000000      0xbb0
 .debug_ranges  0x00000000       0x10 CMakeFiles/6-timer.elf.dir/Core/Src/gpio.c.obj
 .debug_ranges  0x00000010       0x38 CMakeFiles/6-timer.elf.dir/Core/Src/main.c.obj
 .debug_ranges  0x00000048       0x10 CMakeFiles/6-timer.elf.dir/Core/Src/stm32f4xx_hal_msp.c.obj
 .debug_ranges  0x00000058       0x58 CMakeFiles/6-timer.elf.dir/Core/Src/stm32f4xx_it.c.obj
 .debug_ranges  0x000000b0       0x98 CMakeFiles/6-timer.elf.dir/Core/Src/syscalls.c.obj
 .debug_ranges  0x00000148       0x10 CMakeFiles/6-timer.elf.dir/Core/Src/sysmem.c.obj
 .debug_ranges  0x00000158       0x18 CMakeFiles/6-timer.elf.dir/Core/Src/system_stm32f4xx.c.obj
 .debug_ranges  0x00000170       0x30 CMakeFiles/6-timer.elf.dir/Core/Src/tim.c.obj
 .debug_ranges  0x000001a0       0x20 CMakeFiles/6-timer.elf.dir/Core/Src/usart.c.obj
 .debug_ranges  0x000001c0       0x20 CMakeFiles/6-timer.elf.dir/Core/Startup/startup_stm32f407zgtx.s.obj
 .debug_ranges  0x000001e0       0xe0 CMakeFiles/6-timer.elf.dir/Drivers/STM32F4xx_HAL_Driver/Src/stm32f4xx_hal.c.obj
 .debug_ranges  0x000002c0       0xf8 CMakeFiles/6-timer.elf.dir/Drivers/STM32F4xx_HAL_Driver/Src/stm32f4xx_hal_cortex.c.obj
 .debug_ranges  0x000003b8       0x48 CMakeFiles/6-timer.elf.dir/Drivers/STM32F4xx_HAL_Driver/Src/stm32f4xx_hal_gpio.c.obj
 .debug_ranges  0x00000400       0x90 CMakeFiles/6-timer.elf.dir/Drivers/STM32F4xx_HAL_Driver/Src/stm32f4xx_hal_rcc.c.obj
 .debug_ranges  0x00000490      0x3c0 CMakeFiles/6-timer.elf.dir/Drivers/STM32F4xx_HAL_Driver/Src/stm32f4xx_hal_tim.c.obj
 .debug_ranges  0x00000850      0x158 CMakeFiles/6-timer.elf.dir/Drivers/STM32F4xx_HAL_Driver/Src/stm32f4xx_hal_tim_ex.c.obj
 .debug_ranges  0x000009a8      0x208 CMakeFiles/6-timer.elf.dir/Drivers/STM32F4xx_HAL_Driver/Src/stm32f4xx_hal_uart.c.obj

.debug_line     0x00000000     0xe898
 .debug_line    0x00000000      0x1dc CMakeFiles/6-timer.elf.dir/Core/Src/gpio.c.obj
 .debug_line    0x000001dc      0x485 CMakeFiles/6-timer.elf.dir/Core/Src/main.c.obj
 .debug_line    0x00000661      0x16a CMakeFiles/6-timer.elf.dir/Core/Src/stm32f4xx_hal_msp.c.obj
 .debug_line    0x000007cb      0x2f5 CMakeFiles/6-timer.elf.dir/Core/Src/stm32f4xx_it.c.obj
 .debug_line    0x00000ac0      0x3fc CMakeFiles/6-timer.elf.dir/Core/Src/syscalls.c.obj
 .debug_line    0x00000ebc      0x1ae CMakeFiles/6-timer.elf.dir/Core/Src/sysmem.c.obj
 .debug_line    0x0000106a      0x233 CMakeFiles/6-timer.elf.dir/Core/Src/system_stm32f4xx.c.obj
 .debug_line    0x0000129d      0x4ef CMakeFiles/6-timer.elf.dir/Core/Src/tim.c.obj
 .debug_line    0x0000178c      0x301 CMakeFiles/6-timer.elf.dir/Core/Src/usart.c.obj
 .debug_line    0x00001a8d       0x9b CMakeFiles/6-timer.elf.dir/Core/Startup/startup_stm32f407zgtx.s.obj
 .debug_line    0x00001b28      0x5a1 CMakeFiles/6-timer.elf.dir/Drivers/STM32F4xx_HAL_Driver/Src/stm32f4xx_hal.c.obj
 .debug_line    0x000020c9      0x7b4 CMakeFiles/6-timer.elf.dir/Drivers/STM32F4xx_HAL_Driver/Src/stm32f4xx_hal_cortex.c.obj
 .debug_line    0x0000287d      0x707 CMakeFiles/6-timer.elf.dir/Drivers/STM32F4xx_HAL_Driver/Src/stm32f4xx_hal_gpio.c.obj
 .debug_line    0x00002f84      0xb36 CMakeFiles/6-timer.elf.dir/Drivers/STM32F4xx_HAL_Driver/Src/stm32f4xx_hal_rcc.c.obj
 .debug_line    0x00003aba     0x4ac8 CMakeFiles/6-timer.elf.dir/Drivers/STM32F4xx_HAL_Driver/Src/stm32f4xx_hal_tim.c.obj
 .debug_line    0x00008582     0x1cec CMakeFiles/6-timer.elf.dir/Drivers/STM32F4xx_HAL_Driver/Src/stm32f4xx_hal_tim_ex.c.obj
 .debug_line    0x0000a26e     0x462a CMakeFiles/6-timer.elf.dir/Drivers/STM32F4xx_HAL_Driver/Src/stm32f4xx_hal_uart.c.obj

.debug_str      0x00000000     0x3cbc
 .debug_str     0x00000000      0x334 CMakeFiles/6-timer.elf.dir/Core/Src/gpio.c.obj
                                0x384 (size before relaxing)
 .debug_str     0x00000334      0x961 CMakeFiles/6-timer.elf.dir/Core/Src/main.c.obj
                                0xcd5 (size before relaxing)
 .debug_str     0x00000c95       0x3f CMakeFiles/6-timer.elf.dir/Core/Src/stm32f4xx_hal_msp.c.obj
                                0x2d3 (size before relaxing)
 .debug_str     0x00000cd4       0xed CMakeFiles/6-timer.elf.dir/Core/Src/stm32f4xx_it.c.obj
                                0x7a5 (size before relaxing)
 .debug_str     0x00000dc1      0x21e CMakeFiles/6-timer.elf.dir/Core/Src/syscalls.c.obj
                                0x411 (size before relaxing)
 .debug_str     0x00000fdf       0x88 CMakeFiles/6-timer.elf.dir/Core/Src/sysmem.c.obj
                                0x23d (size before relaxing)
 .debug_str     0x00001067       0x9a CMakeFiles/6-timer.elf.dir/Core/Src/system_stm32f4xx.c.obj
                                0x339 (size before relaxing)
 .debug_str     0x00001101      0x789 CMakeFiles/6-timer.elf.dir/Core/Src/tim.c.obj
                               0x1060 (size before relaxing)
 .debug_str     0x0000188a       0x64 CMakeFiles/6-timer.elf.dir/Core/Src/usart.c.obj
                                0x814 (size before relaxing)
 .debug_str     0x000018ee       0x49 CMakeFiles/6-timer.elf.dir/Core/Startup/startup_stm32f407zgtx.s.obj
                                 0x71 (size before relaxing)
 .debug_str     0x00001937      0x36f CMakeFiles/6-timer.elf.dir/Drivers/STM32F4xx_HAL_Driver/Src/stm32f4xx_hal.c.obj
                                0xb72 (size before relaxing)
 .debug_str     0x00001ca6      0x49e CMakeFiles/6-timer.elf.dir/Drivers/STM32F4xx_HAL_Driver/Src/stm32f4xx_hal_cortex.c.obj
                                0xc44 (size before relaxing)
 .debug_str     0x00002144      0x128 CMakeFiles/6-timer.elf.dir/Drivers/STM32F4xx_HAL_Driver/Src/stm32f4xx_hal_gpio.c.obj
                                0x4f8 (size before relaxing)
 .debug_str     0x0000226c      0x1b7 CMakeFiles/6-timer.elf.dir/Drivers/STM32F4xx_HAL_Driver/Src/stm32f4xx_hal_rcc.c.obj
                                0x71e (size before relaxing)
 .debug_str     0x00002423      0xd3f CMakeFiles/6-timer.elf.dir/Drivers/STM32F4xx_HAL_Driver/Src/stm32f4xx_hal_tim.c.obj
                               0x16d1 (size before relaxing)
 .debug_str     0x00003162      0x537 CMakeFiles/6-timer.elf.dir/Drivers/STM32F4xx_HAL_Driver/Src/stm32f4xx_hal_tim_ex.c.obj
                                0xed2 (size before relaxing)
 .debug_str     0x00003699      0x623 CMakeFiles/6-timer.elf.dir/Drivers/STM32F4xx_HAL_Driver/Src/stm32f4xx_hal_uart.c.obj
                                0xd71 (size before relaxing)

.comment        0x00000000       0x49
 .comment       0x00000000       0x49 CMakeFiles/6-timer.elf.dir/Core/Src/gpio.c.obj
                                 0x4a (size before relaxing)
 .comment       0x00000049       0x4a CMakeFiles/6-timer.elf.dir/Core/Src/main.c.obj
 .comment       0x00000049       0x4a CMakeFiles/6-timer.elf.dir/Core/Src/stm32f4xx_hal_msp.c.obj
 .comment       0x00000049       0x4a CMakeFiles/6-timer.elf.dir/Core/Src/stm32f4xx_it.c.obj
 .comment       0x00000049       0x4a CMakeFiles/6-timer.elf.dir/Core/Src/syscalls.c.obj
 .comment       0x00000049       0x4a CMakeFiles/6-timer.elf.dir/Core/Src/sysmem.c.obj
 .comment       0x00000049       0x4a CMakeFiles/6-timer.elf.dir/Core/Src/system_stm32f4xx.c.obj
 .comment       0x00000049       0x4a CMakeFiles/6-timer.elf.dir/Core/Src/tim.c.obj
 .comment       0x00000049       0x4a CMakeFiles/6-timer.elf.dir/Core/Src/usart.c.obj
 .comment       0x00000049       0x4a CMakeFiles/6-timer.elf.dir/Drivers/STM32F4xx_HAL_Driver/Src/stm32f4xx_hal.c.obj
 .comment       0x00000049       0x4a CMakeFiles/6-timer.elf.dir/Drivers/STM32F4xx_HAL_Driver/Src/stm32f4xx_hal_cortex.c.obj
 .comment       0x00000049       0x4a CMakeFiles/6-timer.elf.dir/Drivers/STM32F4xx_HAL_Driver/Src/stm32f4xx_hal_gpio.c.obj
 .comment       0x00000049       0x4a CMakeFiles/6-timer.elf.dir/Drivers/STM32F4xx_HAL_Driver/Src/stm32f4xx_hal_rcc.c.obj
 .comment       0x00000049       0x4a CMakeFiles/6-timer.elf.dir/Drivers/STM32F4xx_HAL_Driver/Src/stm32f4xx_hal_tim.c.obj
 .comment       0x00000049       0x4a CMakeFiles/6-timer.elf.dir/Drivers/STM32F4xx_HAL_Driver/Src/stm32f4xx_hal_tim_ex.c.obj
 .comment       0x00000049       0x4a CMakeFiles/6-timer.elf.dir/Drivers/STM32F4xx_HAL_Driver/Src/stm32f4xx_hal_uart.c.obj

.debug_frame    0x00000000     0x3458
 .debug_frame   0x00000000       0x30 CMakeFiles/6-timer.elf.dir/Core/Src/gpio.c.obj
 .debug_frame   0x00000030       0x9c CMakeFiles/6-timer.elf.dir/Core/Src/main.c.obj